Archive member included because of file (symbol)

e:/davev4/dave-4.1.4/eclipse/arm-gcc-49/bin/../lib/gcc/arm-none-eabi/4.9.3/../../../../arm-none-eabi/lib/armv7e-m/softfp\libg_nano.a(lib_a-errno.o)
                              ./Libraries/Newlib/syscalls.o (__errno)
e:/davev4/dave-4.1.4/eclipse/arm-gcc-49/bin/../lib/gcc/arm-none-eabi/4.9.3/../../../../arm-none-eabi/lib/armv7e-m/softfp\libg_nano.a(lib_a-impure.o)
                              e:/davev4/dave-4.1.4/eclipse/arm-gcc-49/bin/../lib/gcc/arm-none-eabi/4.9.3/../../../../arm-none-eabi/lib/armv7e-m/softfp\libg_nano.a(lib_a-errno.o) (_impure_ptr)
e:/davev4/dave-4.1.4/eclipse/arm-gcc-49/bin/../lib/gcc/arm-none-eabi/4.9.3/../../../../arm-none-eabi/lib/armv7e-m/softfp\libg_nano.a(lib_a-init.o)
                              ./Startup/startup_XMC4700.o (__libc_init_array)
e:/davev4/dave-4.1.4/eclipse/arm-gcc-49/bin/../lib/gcc/arm-none-eabi/4.9.3/../../../../arm-none-eabi/lib/armv7e-m/softfp\libg_nano.a(lib_a-memcpy.o)
                              ./Libraries/XMCLib/src/xmc_eth_mac.o (memcpy)
e:/davev4/dave-4.1.4/eclipse/arm-gcc-49/bin/../lib/gcc/arm-none-eabi/4.9.3/../../../../arm-none-eabi/lib/armv7e-m/softfp\libg_nano.a(lib_a-memset.o)
                              ./Libraries/XMCLib/src/xmc_usbd.o (memset)
e:/davev4/dave-4.1.4/eclipse/arm-gcc-49/bin/../lib/gcc/arm-none-eabi/4.9.3/../../../../arm-none-eabi/lib/armv7e-m/softfp\libg_nano.a(lib_a-strcmp.o)
                              ./main.o (strcmp)
e:/davev4/dave-4.1.4/eclipse/arm-gcc-49/bin/../lib/gcc/arm-none-eabi/4.9.3/../../../../arm-none-eabi/lib/armv7e-m/softfp\libg_nano.a(lib_a-strlen.o)
                              ./Dave/Generated/USBD_VCOM/class_driver/device/cdc_class_device.o (strlen)
e:/davev4/dave-4.1.4/eclipse/arm-gcc-49/bin/../lib/gcc/arm-none-eabi/4.9.3/../../../../arm-none-eabi/lib/armv7e-m/softfp\libg_nano.a(lib_a-strsep.o)
                              ./main.o (strsep)
e:/davev4/dave-4.1.4/eclipse/arm-gcc-49/bin/../lib/gcc/arm-none-eabi/4.9.3/../../../../arm-none-eabi/lib/armv7e-m/softfp\libg_nano.a(lib_a-strtok_r.o)
                              e:/davev4/dave-4.1.4/eclipse/arm-gcc-49/bin/../lib/gcc/arm-none-eabi/4.9.3/../../../../arm-none-eabi/lib/armv7e-m/softfp\libg_nano.a(lib_a-strsep.o) (__strtok_r)
e:/davev4/dave-4.1.4/eclipse/arm-gcc-49/bin/../lib/gcc/arm-none-eabi/4.9.3/../../../../arm-none-eabi/lib/armv7e-m/softfp\libg_nano.a(lib_a-strtol.o)
                              ./main.o (strtol)
e:/davev4/dave-4.1.4/eclipse/arm-gcc-49/bin/../lib/gcc/arm-none-eabi/4.9.3/../../../../arm-none-eabi/lib/armv7e-m/softfp\libg_nano.a(lib_a-strtoul.o)
                              ./main.o (strtoul)
e:/davev4/dave-4.1.4/eclipse/arm-gcc-49/bin/../lib/gcc/arm-none-eabi/4.9.3/../../../../arm-none-eabi/lib/armv7e-m/softfp\libg_nano.a(lib_a-vsnprintf.o)
                              ./main.o (vsnprintf)
e:/davev4/dave-4.1.4/eclipse/arm-gcc-49/bin/../lib/gcc/arm-none-eabi/4.9.3/../../../../arm-none-eabi/lib/armv7e-m/softfp\libg_nano.a(lib_a-ctype_.o)
                              e:/davev4/dave-4.1.4/eclipse/arm-gcc-49/bin/../lib/gcc/arm-none-eabi/4.9.3/../../../../arm-none-eabi/lib/armv7e-m/softfp\libg_nano.a(lib_a-strtol.o) (__ctype_ptr__)
e:/davev4/dave-4.1.4/eclipse/arm-gcc-49/bin/../lib/gcc/arm-none-eabi/4.9.3/../../../../arm-none-eabi/lib/armv7e-m/softfp\libg_nano.a(lib_a-nano-svfprintf.o)
                              e:/davev4/dave-4.1.4/eclipse/arm-gcc-49/bin/../lib/gcc/arm-none-eabi/4.9.3/../../../../arm-none-eabi/lib/armv7e-m/softfp\libg_nano.a(lib_a-vsnprintf.o) (_svfprintf_r)
e:/davev4/dave-4.1.4/eclipse/arm-gcc-49/bin/../lib/gcc/arm-none-eabi/4.9.3/../../../../arm-none-eabi/lib/armv7e-m/softfp\libg_nano.a(lib_a-nano-vfprintf_i.o)
                              e:/davev4/dave-4.1.4/eclipse/arm-gcc-49/bin/../lib/gcc/arm-none-eabi/4.9.3/../../../../arm-none-eabi/lib/armv7e-m/softfp\libg_nano.a(lib_a-nano-svfprintf.o) (_printf_i)
e:/davev4/dave-4.1.4/eclipse/arm-gcc-49/bin/../lib/gcc/arm-none-eabi/4.9.3/../../../../arm-none-eabi/lib/armv7e-m/softfp\libg_nano.a(lib_a-memchr.o)
                              e:/davev4/dave-4.1.4/eclipse/arm-gcc-49/bin/../lib/gcc/arm-none-eabi/4.9.3/../../../../arm-none-eabi/lib/armv7e-m/softfp\libg_nano.a(lib_a-nano-svfprintf.o) (memchr)
e:/davev4/dave-4.1.4/eclipse/arm-gcc-49/bin/../lib/gcc/arm-none-eabi/4.9.3/../../../../arm-none-eabi/lib/armv7e-m/softfp\libg_nano.a(lib_a-memmove.o)
                              e:/davev4/dave-4.1.4/eclipse/arm-gcc-49/bin/../lib/gcc/arm-none-eabi/4.9.3/../../../../arm-none-eabi/lib/armv7e-m/softfp\libg_nano.a(lib_a-nano-svfprintf.o) (memmove)
e:/davev4/dave-4.1.4/eclipse/arm-gcc-49/bin/../lib/gcc/arm-none-eabi/4.9.3/../../../../arm-none-eabi/lib/armv7e-m/softfp\libg_nano.a(lib_a-nano-freer.o)
[...]
Memory Configuration

Name             Origin             Length             Attributes
FLASH_1_cached   0x08000000         0x00200000         xr
FLASH_1_uncached 0x0c000000         0x00200000         xr
PSRAM_1          0x1ffe8000         0x00018000         !xr
DSRAM_1_system   0x20000000         0x00020000         !xr
DSRAM_2_comm     0x20020000         0x00020000         !xr
SRAM_combined    0x1ffe8000         0x00058000         !xr
*default*        0x00000000         0xffffffff

Linker script and memory map

LOAD ./Startup/startup_XMC4700.o
LOAD ./Startup/system_XMC4700.o
LOAD ./Libraries/XMCLib/src/xmc4_eru.o
LOAD ./Libraries/XMCLib/src/xmc4_flash.o
LOAD ./Libraries/XMCLib/src/xmc4_gpio.o
LOAD ./Libraries/XMCLib/src/xmc4_rtc.o
LOAD ./Libraries/XMCLib/src/xmc4_scu.o
LOAD ./Libraries/XMCLib/src/xmc_can.o
LOAD ./Libraries/XMCLib/src/xmc_ccu4.o
LOAD ./Libraries/XMCLib/src/xmc_ccu8.o
LOAD ./Libraries/XMCLib/src/xmc_common.o
LOAD ./Libraries/XMCLib/src/xmc_dac.o
LOAD ./Libraries/XMCLib/src/xmc_dma.o
LOAD ./Libraries/XMCLib/src/xmc_dsd.o
LOAD ./Libraries/XMCLib/src/xmc_ebu.o
LOAD ./Libraries/XMCLib/src/xmc_ecat.o
LOAD ./Libraries/XMCLib/src/xmc_eru.o
LOAD ./Libraries/XMCLib/src/xmc_eth_mac.o
LOAD ./Libraries/XMCLib/src/xmc_fce.o
LOAD ./Libraries/XMCLib/src/xmc_gpio.o
LOAD ./Libraries/XMCLib/src/xmc_hrpwm.o
LOAD ./Libraries/XMCLib/src/xmc_i2c.o
LOAD ./Libraries/XMCLib/src/xmc_i2s.o
LOAD ./Libraries/XMCLib/src/xmc_ledts.o
LOAD ./Libraries/XMCLib/src/xmc_posif.o
LOAD ./Libraries/XMCLib/src/xmc_rtc.o
LOAD ./Libraries/XMCLib/src/xmc_sdmmc.o
LOAD ./Libraries/XMCLib/src/xmc_spi.o
LOAD ./Libraries/XMCLib/src/xmc_uart.o
LOAD ./Libraries/XMCLib/src/xmc_usbd.o
LOAD ./Libraries/XMCLib/src/xmc_usic.o
LOAD ./Libraries/XMCLib/src/xmc_vadc.o
LOAD ./Libraries/XMCLib/src/xmc_wdt.o
LOAD ./Libraries/Newlib/syscalls.o
LOAD ./Dave/Generated/USBD_VCOM/virtual_com/descriptors.o
LOAD ./Dave/Generated/USBD_VCOM/class_driver/device/cdc_class_device.o
LOAD ./Dave/Generated/USBD_VCOM/usbd_vcom.o
LOAD ./Dave/Generated/USBD_VCOM/usbd_vcom_conf.o
LOAD ./Dave/Generated/USBD/usb/core/xmc4000/usbd_endpoint_stream_xmc4000.o
LOAD ./Dave/Generated/USBD/usb/core/xmc4000/usbd_endpoint_xmc4000.o
LOAD ./Dave/Generated/USBD/usb/core/usb_task.o
LOAD ./Dave/Generated/USBD/usbd.o
LOAD ./Dave/Generated/USBD/usbd_conf.o
LOAD ./Dave/Generated/INTERRUPT/interrupt.o
LOAD ./Dave/Generated/INTERRUPT/interrupt_conf.o
LOAD ./Dave/Generated/GLOBAL_CAN/global_can.o
LOAD ./Dave/Generated/GLOBAL_CAN/global_can_conf.o
LOAD ./Dave/Generated/CPU_CTRL_XMC4/cpu_ctrl_xmc4.o
LOAD ./Dave/Generated/CPU_CTRL_XMC4/cpu_ctrl_xmc4_conf.o
LOAD ./Dave/Generated/CLOCK_XMC4/clock_xmc4.o
LOAD ./Dave/Generated/CLOCK_XMC4/clock_xmc4_conf.o
LOAD ./Dave/Generated/CAN_NODE/can_node.o
LOAD ./Dave/Generated/CAN_NODE/can_node_conf.o
LOAD ./Dave/Generated/DAVE.o
LOAD ./main.o
LOAD e:/davev4/dave-4.1.4/eclipse/arm-gcc-49/bin/../lib/gcc/arm-none-eabi/4.9.3/../../../../arm-none-eabi/lib/armv7e-m/softfp\libm.a
START GROUP
LOAD e:/davev4/dave-4.1.4/eclipse/arm-gcc-49/bin/../lib/gcc/arm-none-eabi/4.9.3/armv7e-m/softfp\libgcc.a
LOAD e:/davev4/dave-4.1.4/eclipse/arm-gcc-49/bin/../lib/gcc/arm-none-eabi/4.9.3/../../../../arm-none-eabi/lib/armv7e-m/softfp\libg_nano.a
LOAD e:/davev4/dave-4.1.4/eclipse/arm-gcc-49/bin/../lib/gcc/arm-none-eabi/4.9.3/../../../../arm-none-eabi/lib/armv7e-m/softfp\libc_nano.a
END GROUP
START GROUP
LOAD e:/davev4/dave-4.1.4/eclipse/arm-gcc-49/bin/../lib/gcc/arm-none-eabi/4.9.3/armv7e-m/softfp\libgcc.a
LOAD e:/davev4/dave-4.1.4/eclipse/arm-gcc-49/bin/../lib/gcc/arm-none-eabi/4.9.3/../../../../arm-none-eabi/lib/armv7e-m/softfp\libc_nano.a
LOAD e:/davev4/dave-4.1.4/eclipse/arm-gcc-49/bin/../lib/gcc/arm-none-eabi/4.9.3/../../../../arm-none-eabi/lib/armv7e-m/softfp\libnosys.a
END GROUP
START GROUP
LOAD e:/davev4/dave-4.1.4/eclipse/arm-gcc-49/bin/../lib/gcc/arm-none-eabi/4.9.3/armv7e-m/softfp\libgcc.a
LOAD e:/davev4/dave-4.1.4/eclipse/arm-gcc-49/bin/../lib/gcc/arm-none-eabi/4.9.3/../../../../arm-none-eabi/lib/armv7e-m/softfp\libc_nano.a
LOAD e:/davev4/dave-4.1.4/eclipse/arm-gcc-49/bin/../lib/gcc/arm-none-eabi/4.9.3/../../../../arm-none-eabi/lib/armv7e-m/softfp\libnosys.a
END GROUP
                0x00000800                stack_size = DEFINED (stack_size)?stack_size:0x800
                0x00000040                no_init_size = 0x40

.text           0x08000000     0x76f0 load address 0x0c000000
                0x08000000                sText = .
 *(.reset)
 .reset         0x08000000      0x29c ./Startup/startup_XMC4700.o
                0x08000000                __Vectors
                0x08000200                Reset_Handler
                0x08000298                DSD0_7_IRQHandler
                0x08000298                DebugMon_Handler
                0x08000298                VADC0_C0_0_IRQHandler
                0x08000298                CAN0_4_IRQHandler
                0x08000298                VADC0_G2_0_IRQHandler
                0x08000298                USIC0_5_IRQHandler
                0x08000298                POSIF0_0_IRQHandler
                0x08000298                POSIF1_0_IRQHandler
                0x08000298                HardFault_Handler
                0x08000298                VADC0_G1_1_IRQHandler
                0x08000298                SysTick_Handler
                0x08000298                PendSV_Handler
                0x08000298                NMI_Handler
                0x08000298                USIC1_3_IRQHandler
                0x08000298                CCU40_2_IRQHandler
                0x08000298                SCU_0_IRQHandler
                0x08000298                ERU0_0_IRQHandler
                0x08000298                CCU41_0_IRQHandler
                0x08000298                USIC1_5_IRQHandler
                0x08000298                DSD0_4_IRQHandler
                0x08000298                CCU80_1_IRQHandler
                0x08000298                CCU81_0_IRQHandler
                0x08000298                UsageFault_Handler
                0x08000298                USIC0_0_IRQHandler
                0x08000298                POSIF1_1_IRQHandler
                0x08000298                ERU0_2_IRQHandler
                0x08000298                CCU81_1_IRQHandler
                0x08000298                ERU1_1_IRQHandler
                0x08000298                VADC0_G2_3_IRQHandler
                0x08000298                VADC0_G2_2_IRQHandler
                0x08000298                CCU42_3_IRQHandler
                0x08000298                ERU0_3_IRQHandler
                0x08000298                DSD0_5_IRQHandler
                0x08000298                VADC0_C0_3_IRQHandler
                0x08000298                CAN0_6_IRQHandler
                0x08000298                CCU43_0_IRQHandler
                0x08000298                VADC0_G0_1_IRQHandler
                0x08000298                CCU81_2_IRQHandler
                0x08000298                USIC2_4_IRQHandler
                0x08000298                CCU81_3_IRQHandler
                0x08000298                CCU42_1_IRQHandler
                0x08000298                USIC1_1_IRQHandler
                0x08000298                USIC2_5_IRQHandler
                0x08000298                CCU40_0_IRQHandler
                0x08000298                CAN0_0_IRQHandler
                0x08000298                ERU1_0_IRQHandler
                0x08000298                CCU42_2_IRQHandler
                0x08000298                Default_Handler
                0x08000298                USIC1_4_IRQHandler
                0x08000298                ERU1_3_IRQHandler
                0x08000298                USIC1_0_IRQHandler
                0x08000298                POSIF0_1_IRQHandler
                0x08000298                VADC0_G0_0_IRQHandler
                0x08000298                DSD0_2_IRQHandler
                0x08000298                CCU80_3_IRQHandler
                0x08000298                CCU41_3_IRQHandler
                0x08000298                CCU80_2_IRQHandler
                0x08000298                VADC0_G1_3_IRQHandler
                0x08000298                VADC0_G0_3_IRQHandler
                0x08000298                GPDMA0_0_IRQHandler
                0x08000298                PMU0_0_IRQHandler
                0x08000298                CAN0_7_IRQHandler
                0x08000298                DSD0_1_IRQHandler
                0x08000298                CCU41_2_IRQHandler
                0x08000298                VADC0_C0_1_IRQHandler
                0x08000298                CCU43_2_IRQHandler
                0x08000298                USIC2_2_IRQHandler
                0x08000298                MemManage_Handler
                0x08000298                VADC0_G3_1_IRQHandler
                0x08000298                DAC0_0_IRQHandler
                0x08000298                SVC_Handler
                0x08000298                VADC0_G3_3_IRQHandler
                0x08000298                ERU1_2_IRQHandler
                0x08000298                CCU41_1_IRQHandler
                0x08000298                DSD0_6_IRQHandler
                0x08000298                CCU43_1_IRQHandler
                0x08000298                VADC0_G1_2_IRQHandler
                0x08000298                USIC2_3_IRQHandler
                0x08000298                CAN0_2_IRQHandler
                0x08000298                USIC2_0_IRQHandler
                0x08000298                VADC0_G0_2_IRQHandler
                0x08000298                VADC0_G2_1_IRQHandler
                0x08000298                CAN0_3_IRQHandler
                0x08000298                ETH0_0_IRQHandler
                0x08000298                USIC0_3_IRQHandler
                0x08000298                DSD0_0_IRQHandler
                0x08000298                VADC0_C0_2_IRQHandler
                0x08000298                CCU42_0_IRQHandler
                0x08000298                FCE0_0_IRQHandler
                0x08000298                VADC0_G1_0_IRQHandler
                0x08000298                CAN0_5_IRQHandler
                0x08000298                CCU80_0_IRQHandler
                0x08000298                CCU40_1_IRQHandler
                0x08000298                USIC2_1_IRQHandler
                0x08000298                USIC0_1_IRQHandler
                0x08000298                VADC0_G3_2_IRQHandler
                0x08000298                CCU40_3_IRQHandler
                0x08000298                BusFault_Handler
                0x08000298                LEDTS0_0_IRQHandler
                0x08000298                USIC0_4_IRQHandler
                0x08000298                CCU43_3_IRQHandler
                0x08000298                ERU0_1_IRQHandler
                0x08000298                VADC0_G3_0_IRQHandler
                0x08000298                USIC1_2_IRQHandler
                0x08000298                DSD0_3_IRQHandler
                0x08000298                SDMMC0_0_IRQHandler
                0x08000298                USIC0_2_IRQHandler
                0x08000298                DAC0_1_IRQHandler
                0x08000298                GPDMA1_0_IRQHandler
 *(.text .text.* .gnu.linkonce.t.*)
 .text.SystemInit
                0x0800029c       0x20 ./Startup/system_XMC4700.o
                0x0800029c                SystemInit
 .text.SystemCoreClockUpdate
                0x080002bc       0xd4 ./Startup/system_XMC4700.o
                0x080002bc                SystemCoreClockUpdate
 .text.XMC_GPIO_Init
                0x08000390      0x140 ./Libraries/XMCLib/src/xmc4_gpio.o
                0x08000390                XMC_GPIO_Init
 .text.XMC_SCU_CLOCK_GetCpuClockFrequency
                0x080004d0       0x18 ./Libraries/XMCLib/src/xmc4_scu.o
 .text.XMC_SCU_lDelay
                0x080004e8       0x44 ./Libraries/XMCLib/src/xmc4_scu.o
 .text.XMC_SCU_CLOCK_Init
                0x0800052c       0xbc ./Libraries/XMCLib/src/xmc4_scu.o
                0x0800052c                XMC_SCU_CLOCK_Init
 .text.XMC_SCU_RESET_AssertPeripheralReset
                0x080005e8       0x4c ./Libraries/XMCLib/src/xmc4_scu.o
                0x080005e8                XMC_SCU_RESET_AssertPeripheralReset
 .text.XMC_SCU_RESET_DeassertPeripheralReset
                0x08000634       0x4c ./Libraries/XMCLib/src/xmc4_scu.o
                0x08000634                XMC_SCU_RESET_DeassertPeripheralReset
 .text.XMC_SCU_CLOCK_GetPeripheralClockFrequency
                0x08000680       0x20 ./Libraries/XMCLib/src/xmc4_scu.o
                0x08000680                XMC_SCU_CLOCK_GetPeripheralClockFrequency
 .text.XMC_SCU_CLOCK_SetSystemClockSource
                0x080006a0       0x28 ./Libraries/XMCLib/src/xmc4_scu.o
                0x080006a0                XMC_SCU_CLOCK_SetSystemClockSource
 .text.XMC_SCU_CLOCK_SetUsbClockSource
                0x080006c8       0x28 ./Libraries/XMCLib/src/xmc4_scu.o
                0x080006c8                XMC_SCU_CLOCK_SetUsbClockSource
 .text.XMC_SCU_CLOCK_SetWdtClockSource
                0x080006f0       0x28 ./Libraries/XMCLib/src/xmc4_scu.o
                0x080006f0                XMC_SCU_CLOCK_SetWdtClockSource
 .text.XMC_SCU_CLOCK_SetSystemPllClockSource
                0x08000718       0x40 ./Libraries/XMCLib/src/xmc4_scu.o
                0x08000718                XMC_SCU_CLOCK_SetSystemPllClockSource
 .text.XMC_SCU_HIB_SetRtcClockSource
                0x08000758       0x3c ./Libraries/XMCLib/src/xmc4_scu.o
                0x08000758                XMC_SCU_HIB_SetRtcClockSource
 .text.XMC_SCU_HIB_SetStandbyClockSource
                0x08000794       0x3c ./Libraries/XMCLib/src/xmc4_scu.o
                0x08000794                XMC_SCU_HIB_SetStandbyClockSource
 .text.XMC_SCU_CLOCK_SetSystemClockDivider
                0x080007d0       0x28 ./Libraries/XMCLib/src/xmc4_scu.o
                0x080007d0                XMC_SCU_CLOCK_SetSystemClockDivider
 .text.XMC_SCU_CLOCK_SetCcuClockDivider
                0x080007f8       0x28 ./Libraries/XMCLib/src/xmc4_scu.o
                0x080007f8                XMC_SCU_CLOCK_SetCcuClockDivider
 .text.XMC_SCU_CLOCK_SetCpuClockDivider
                0x08000820       0x28 ./Libraries/XMCLib/src/xmc4_scu.o
                0x08000820                XMC_SCU_CLOCK_SetCpuClockDivider
 .text.XMC_SCU_CLOCK_SetPeripheralClockDivider
                0x08000848       0x28 ./Libraries/XMCLib/src/xmc4_scu.o
                0x08000848                XMC_SCU_CLOCK_SetPeripheralClockDivider
 .text.XMC_SCU_CLOCK_SetUsbClockDivider
                0x08000870       0x28 ./Libraries/XMCLib/src/xmc4_scu.o
                0x08000870                XMC_SCU_CLOCK_SetUsbClockDivider
 .text.XMC_SCU_CLOCK_SetEbuClockDivider
                0x08000898       0x28 ./Libraries/XMCLib/src/xmc4_scu.o
                0x08000898                XMC_SCU_CLOCK_SetEbuClockDivider
 .text.XMC_SCU_CLOCK_SetWdtClockDivider
                0x080008c0       0x28 ./Libraries/XMCLib/src/xmc4_scu.o
                0x080008c0                XMC_SCU_CLOCK_SetWdtClockDivider
 .text.XMC_SCU_CLOCK_EnableClock
                0x080008e8       0x20 ./Libraries/XMCLib/src/xmc4_scu.o
                0x080008e8                XMC_SCU_CLOCK_EnableClock
 .text.XMC_SCU_CLOCK_GatePeripheralClock
                0x08000908       0x4c ./Libraries/XMCLib/src/xmc4_scu.o
                0x08000908                XMC_SCU_CLOCK_GatePeripheralClock
 .text.XMC_SCU_CLOCK_UngatePeripheralClock
                0x08000954       0x4c ./Libraries/XMCLib/src/xmc4_scu.o
                0x08000954                XMC_SCU_CLOCK_UngatePeripheralClock
 .text.XMC_SCU_CLOCK_StartUsbPll
                0x080009a0       0x74 ./Libraries/XMCLib/src/xmc4_scu.o
                0x080009a0                XMC_SCU_CLOCK_StartUsbPll
 .text.XMC_SCU_CLOCK_SetBackupClockCalibrationMode
                0x08000a14       0x4c ./Libraries/XMCLib/src/xmc4_scu.o
                0x08000a14                XMC_SCU_CLOCK_SetBackupClockCalibrationMode
 .text.XMC_SCU_POWER_EnableUsb
                0x08000a60       0x1c ./Libraries/XMCLib/src/xmc4_scu.o
                0x08000a60                XMC_SCU_POWER_EnableUsb
 .text.XMC_SCU_POWER_DisableUsb
                0x08000a7c       0x1c ./Libraries/XMCLib/src/xmc4_scu.o
                0x08000a7c                XMC_SCU_POWER_DisableUsb
 .text.XMC_SCU_HIB_EnableHibernateDomain
                0x08000a98       0x54 ./Libraries/XMCLib/src/xmc4_scu.o
                0x08000a98                XMC_SCU_HIB_EnableHibernateDomain
 .text.XMC_SCU_CLOCK_EnableLowPowerOscillator
                0x08000aec       0x74 ./Libraries/XMCLib/src/xmc4_scu.o
                0x08000aec                XMC_SCU_CLOCK_EnableLowPowerOscillator
 .text.XMC_SCU_CLOCK_EnableHighPerformanceOscillator
                0x08000b60       0x60 ./Libraries/XMCLib/src/xmc4_scu.o
                0x08000b60                XMC_SCU_CLOCK_EnableHighPerformanceOscillator
 .text.XMC_SCU_CLOCK_EnableSystemPll
                0x08000bc0       0x20 ./Libraries/XMCLib/src/xmc4_scu.o
                0x08000bc0                XMC_SCU_CLOCK_EnableSystemPll
 .text.XMC_SCU_CLOCK_DisableSystemPll
                0x08000be0       0x20 ./Libraries/XMCLib/src/xmc4_scu.o
                0x08000be0                XMC_SCU_CLOCK_DisableSystemPll
 .text.XMC_SCU_CLOCK_StartSystemPll
                0x08000c00      0x1a0 ./Libraries/XMCLib/src/xmc4_scu.o
                0x08000c00                XMC_SCU_CLOCK_StartSystemPll
 .text.XMC_SCU_CLOCK_StepSystemPllFrequency
                0x08000da0       0x2c ./Libraries/XMCLib/src/xmc4_scu.o
                0x08000da0                XMC_SCU_CLOCK_StepSystemPllFrequency
 .text.XMC_CAN_PanelControl
                0x08000dcc       0x3c ./Libraries/XMCLib/src/xmc_can.o
 .text.XMC_CAN_NODE_EnableConfigurationChange
                0x08000e08       0x20 ./Libraries/XMCLib/src/xmc_can.o
 .text.XMC_CAN_NODE_DisableConfigurationChange
                0x08000e28       0x20 ./Libraries/XMCLib/src/xmc_can.o
 .text.max      0x08000e48       0x20 ./Libraries/XMCLib/src/xmc_can.o
 .text.min      0x08000e68       0x20 ./Libraries/XMCLib/src/xmc_can.o
 .text.XMC_CAN_NODE_NominalBitTimeConfigure
                0x08000e88      0x1c4 ./Libraries/XMCLib/src/xmc_can.o
                0x08000e88                XMC_CAN_NODE_NominalBitTimeConfigure
 .text.XMC_CAN_AllocateMOtoNodeList
                0x0800104c       0x38 ./Libraries/XMCLib/src/xmc_can.o
                0x0800104c                XMC_CAN_AllocateMOtoNodeList
 .text.XMC_CAN_Enable
                0x08001084       0x38 ./Libraries/XMCLib/src/xmc_can.o
                0x08001084                XMC_CAN_Enable
 .text.XMC_CAN_GetBaudrateClockFrequency
                0x080010bc       0x3c ./Libraries/XMCLib/src/xmc_can.o
                0x080010bc                XMC_CAN_GetBaudrateClockFrequency
 .text.XMC_CAN_Init
                0x080010f8       0xe4 ./Libraries/XMCLib/src/xmc_can.o
                0x080010f8                XMC_CAN_Init
 .text.XMC_CAN_SetBaudrateClockSource
                0x080011dc       0x2c ./Libraries/XMCLib/src/xmc_can.o
                0x080011dc                XMC_CAN_SetBaudrateClockSource
 .text.XMC_CAN_GetBaudrateClockSource
                0x08001208       0x24 ./Libraries/XMCLib/src/xmc_can.o
                0x08001208                XMC_CAN_GetBaudrateClockSource
 .text.XMC_CAN_MO_SetIdentifier
                0x0800122c       0x68 ./Libraries/XMCLib/src/xmc_can.o
                0x0800122c                XMC_CAN_MO_SetIdentifier
 .text.XMC_CAN_MO_Config
                0x08001294      0x110 ./Libraries/XMCLib/src/xmc_can.o
                0x08001294                XMC_CAN_MO_Config
 .text.XMC_CAN_MO_UpdateData
                0x080013a4       0x70 ./Libraries/XMCLib/src/xmc_can.o
                0x080013a4                XMC_CAN_MO_UpdateData
 .text.XMC_CAN_MO_Transmit
                0x08001414       0x5c ./Libraries/XMCLib/src/xmc_can.o
                0x08001414                XMC_CAN_MO_Transmit
 .text.XMC_CAN_MO_Receive
                0x08001470      0x1a0 ./Libraries/XMCLib/src/xmc_can.o
                0x08001470                XMC_CAN_MO_Receive
 .text.XMC_CAN_NODE_EnableEvent
                0x08001610       0x38 ./Libraries/XMCLib/src/xmc_can.o
                0x08001610                XMC_CAN_NODE_EnableEvent
 .text.XMC_GPIO_SetMode
                0x08001648       0x80 ./Libraries/XMCLib/src/xmc_gpio.o
                0x08001648                XMC_GPIO_SetMode
 .text.XMC_USBD_lDeviceActive
                0x080016c8       0x6c ./Libraries/XMCLib/src/xmc_usbd.o
                0x080016c8                XMC_USBD_lDeviceActive
 .text.XMC_USBD_lReadFifo
                0x08001734       0xe8 ./Libraries/XMCLib/src/xmc_usbd.o
 .text.XMC_USBD_lWriteFifo
                0x0800181c       0xa4 ./Libraries/XMCLib/src/xmc_usbd.o
 .text.XMC_USBD_lFlushTXFifo
                0x080018c0       0x84 ./Libraries/XMCLib/src/xmc_usbd.o
 .text.XMC_USBD_lFlushRXFifo
                0x08001944       0x68 ./Libraries/XMCLib/src/xmc_usbd.o
 .text.XMC_USBD_lAssignTXFifo
                0x080019ac       0x70 ./Libraries/XMCLib/src/xmc_usbd.o
 .text.XMC_USBD_lUnassignFifo
                0x08001a1c       0x38 ./Libraries/XMCLib/src/xmc_usbd.o
 .text.XMC_USBD_lStartReadXfer
                0x08001a54      0x178 ./Libraries/XMCLib/src/xmc_usbd.o
 .text.XMC_USBD_lStartWriteXfer
                0x08001bcc      0x194 ./Libraries/XMCLib/src/xmc_usbd.o
 .text.XMC_USBD_lHandleUSBReset
                0x08001d60      0x14c ./Libraries/XMCLib/src/xmc_usbd.o
 .text.XMC_USBD_lHandleOTGInt
                0x08001eac       0x48 ./Libraries/XMCLib/src/xmc_usbd.o
 .text.XMC_USBD_lHandleEnumDone
                0x08001ef4       0x78 ./Libraries/XMCLib/src/xmc_usbd.o
 .text.XMC_USBD_lHandleOEPInt
                0x08001f6c      0x1b8 ./Libraries/XMCLib/src/xmc_usbd.o
 .text.XMC_USBD_lHandleIEPInt
                0x08002124      0x1b8 ./Libraries/XMCLib/src/xmc_usbd.o
 .text.XMC_USBD_lHandleRxFLvl
                0x080022dc       0x80 ./Libraries/XMCLib/src/xmc_usbd.o
 .text.XMC_USBD_IRQHandler
                0x0800235c      0x14c ./Libraries/XMCLib/src/xmc_usbd.o
                0x0800235c                XMC_USBD_IRQHandler
 .text.XMC_USBD_Enable
                0x080024a8       0x1c ./Libraries/XMCLib/src/xmc_usbd.o
                0x080024a8                XMC_USBD_Enable
 .text.XMC_USBD_Disable
                0x080024c4       0x1c ./Libraries/XMCLib/src/xmc_usbd.o
                0x080024c4                XMC_USBD_Disable
 .text.XMC_USBD_ClearEvent
                0x080024e0       0xc8 ./Libraries/XMCLib/src/xmc_usbd.o
                0x080024e0                XMC_USBD_ClearEvent
 .text.XMC_USBD_lClearEventOTG
                0x080025a8       0x28 ./Libraries/XMCLib/src/xmc_usbd.o
 .text.XMC_USBD_ClearEventINEP
                0x080025d0       0x2c ./Libraries/XMCLib/src/xmc_usbd.o
                0x080025d0                XMC_USBD_ClearEventINEP
 .text.XMC_USBD_ClearEventOUTEP
                0x080025fc       0x30 ./Libraries/XMCLib/src/xmc_usbd.o
                0x080025fc                XMC_USBD_ClearEventOUTEP
 .text.XMC_USBD_EnableEventOUTEP
                0x0800262c       0x30 ./Libraries/XMCLib/src/xmc_usbd.o
                0x0800262c                XMC_USBD_EnableEventOUTEP
 .text.XMC_USBD_EnableEventINEP
                0x0800265c       0x30 ./Libraries/XMCLib/src/xmc_usbd.o
                0x0800265c                XMC_USBD_EnableEventINEP
 .text.XMC_USBD_GetCapabilities
                0x0800268c       0x68 ./Libraries/XMCLib/src/xmc_usbd.o
                0x0800268c                XMC_USBD_GetCapabilities
 .text.XMC_USBD_Init
                0x080026f4      0x23c ./Libraries/XMCLib/src/xmc_usbd.o
                0x080026f4                XMC_USBD_Init
 .text.XMC_USBD_Uninitialize
                0x08002930       0x3c ./Libraries/XMCLib/src/xmc_usbd.o
                0x08002930                XMC_USBD_Uninitialize
 .text.XMC_USBD_DeviceConnect
                0x0800296c       0x34 ./Libraries/XMCLib/src/xmc_usbd.o
                0x0800296c                XMC_USBD_DeviceConnect
 .text.XMC_USBD_DeviceDisconnect
                0x080029a0       0x34 ./Libraries/XMCLib/src/xmc_usbd.o
                0x080029a0                XMC_USBD_DeviceDisconnect
 .text.XMC_USBD_DeviceGetState
                0x080029d4       0x64 ./Libraries/XMCLib/src/xmc_usbd.o
                0x080029d4                XMC_USBD_DeviceGetState
 .text.XMC_USBD_EndpointReadStart
                0x08002a38       0x8c ./Libraries/XMCLib/src/xmc_usbd.o
                0x08002a38                XMC_USBD_EndpointReadStart
 .text.XMC_USBD_EndpointRead
                0x08002ac4       0x78 ./Libraries/XMCLib/src/xmc_usbd.o
                0x08002ac4                XMC_USBD_EndpointRead
 .text.XMC_USBD_EndpointWrite
                0x08002b3c       0xa8 ./Libraries/XMCLib/src/xmc_usbd.o
                0x08002b3c                XMC_USBD_EndpointWrite
 .text.XMC_USBD_DeviceSetAddress
                0x08002be4       0x4c ./Libraries/XMCLib/src/xmc_usbd.o
                0x08002be4                XMC_USBD_DeviceSetAddress
 .text.XMC_USBD_EndpointStall
                0x08002c30      0x14c ./Libraries/XMCLib/src/xmc_usbd.o
                0x08002c30                XMC_USBD_EndpointStall
 .text.XMC_USBD_EndpointAbort
                0x08002d7c       0x88 ./Libraries/XMCLib/src/xmc_usbd.o
                0x08002d7c                XMC_USBD_EndpointAbort
 .text.XMC_USBD_EndpointConfigure
                0x08002e04      0x2f4 ./Libraries/XMCLib/src/xmc_usbd.o
                0x08002e04                XMC_USBD_EndpointConfigure
 .text.XMC_USBD_EndpointUnconfigure
                0x080030f8      0x170 ./Libraries/XMCLib/src/xmc_usbd.o
                0x080030f8                XMC_USBD_EndpointUnconfigure
 .text.XMC_USBD_GetFrameNumber
                0x08003268       0x2c ./Libraries/XMCLib/src/xmc_usbd.o
                0x08003268                XMC_USBD_GetFrameNumber
 .text.XMC_USBD_IsEnumDone
                0x08003294       0x38 ./Libraries/XMCLib/src/xmc_usbd.o
                0x08003294                XMC_USBD_IsEnumDone
 .text._sbrk    0x080032cc       0x68 ./Libraries/Newlib/syscalls.o
                0x080032cc                _sbrk
 .text._init    0x08003334        0xc ./Libraries/Newlib/syscalls.o
                0x08003334                _init
 .text.USBD_VCOM_Event_GetDescriptor
                0x08003340       0xa0 ./Dave/Generated/USBD_VCOM/virtual_com/descriptors.o
                0x08003340                USBD_VCOM_Event_GetDescriptor
 .text.Endpoint_SelectEndpoint
                0x080033e0       0x34 ./Dave/Generated/USBD_VCOM/class_driver/device/cdc_class_device.o
 .text.Endpoint_IsSETUPReceived
                0x08003414       0x2c ./Dave/Generated/USBD_VCOM/class_driver/device/cdc_class_device.o
 .text.Endpoint_ClearSETUP
                0x08003440       0x20 ./Dave/Generated/USBD_VCOM/class_driver/device/cdc_class_device.o
 .text.Endpoint_ClearStatusStage
                0x08003460        0xc ./Dave/Generated/USBD_VCOM/class_driver/device/cdc_class_device.o
 .text.Endpoint_IsINReady
                0x0800346c       0x58 ./Dave/Generated/USBD_VCOM/class_driver/device/cdc_class_device.o
 .text.Endpoint_IsOUTReceived
                0x080034c4       0x44 ./Dave/Generated/USBD_VCOM/class_driver/device/cdc_class_device.o
 .text.Endpoint_BytesInEndpoint
                0x08003508       0x48 ./Dave/Generated/USBD_VCOM/class_driver/device/cdc_class_device.o
 .text.CDC_Device_ProcessControlRequest
                0x08003550      0x184 ./Dave/Generated/USBD_VCOM/class_driver/device/cdc_class_device.o
                0x08003550                CDC_Device_ProcessControlRequest
 .text.CDC_Device_ConfigureEndpoints
                0x080036d4       0x88 ./Dave/Generated/USBD_VCOM/class_driver/device/cdc_class_device.o
                0x080036d4                CDC_Device_ConfigureEndpoints
 .text.CDC_Device_USBTask
                0x0800375c       0x40 ./Dave/Generated/USBD_VCOM/class_driver/device/cdc_class_device.o
                0x0800375c                CDC_Device_USBTask
 .text.CDC_Device_SendString
                0x0800379c       0x58 ./Dave/Generated/USBD_VCOM/class_driver/device/cdc_class_device.o
                0x0800379c                CDC_Device_SendString
 .text.CDC_Device_Flush
                0x080037f4       0x50 ./Dave/Generated/USBD_VCOM/class_driver/device/cdc_class_device.o
                0x080037f4                CDC_Device_Flush
 .text.CDC_Device_BytesReceived
                0x08003844       0x64 ./Dave/Generated/USBD_VCOM/class_driver/device/cdc_class_device.o
                0x08003844                CDC_Device_BytesReceived
 .text.CDC_Device_ReceiveByte
                0x080038a8       0x5c ./Dave/Generated/USBD_VCOM/class_driver/device/cdc_class_device.o
                0x080038a8                CDC_Device_ReceiveByte
 .text.NVIC_EnableIRQ
                0x08003904       0x30 ./Dave/Generated/USBD_VCOM/usbd_vcom.o
 .text.NVIC_DisableIRQ
                0x08003934       0x34 ./Dave/Generated/USBD_VCOM/usbd_vcom.o
 .text.USBD_VCOM_Init
                0x08003968       0x98 ./Dave/Generated/USBD_VCOM/usbd_vcom.o
                0x08003968                USBD_VCOM_Init
 .text.USBD_VCOM_IsEnumDone
                0x08003a00       0x28 ./Dave/Generated/USBD_VCOM/usbd_vcom.o
                0x08003a00                USBD_VCOM_IsEnumDone
 .text.USBD_VCOM_SendString
                0x08003a28       0x48 ./Dave/Generated/USBD_VCOM/usbd_vcom.o
                0x08003a28                USBD_VCOM_SendString
 .text.USBD_VCOM_ReceiveByte
                0x08003a70       0x48 ./Dave/Generated/USBD_VCOM/usbd_vcom.o
                0x08003a70                USBD_VCOM_ReceiveByte
 .text.USBD_VCOM_BytesReceived
                0x08003ab8       0x30 ./Dave/Generated/USBD_VCOM/usbd_vcom.o
                0x08003ab8                USBD_VCOM_BytesReceived
 .text.USBD_VCOM_Register_USBEvent_CB
                0x08003ae8       0xa4 ./Dave/Generated/USBD_VCOM/usbd_vcom.o
                0x08003ae8                USBD_VCOM_Register_USBEvent_CB
 .text.USBD_VCOM_Event_ConfigurationChanged
                0x08003b8c       0x5c ./Dave/Generated/USBD_VCOM/usbd_vcom.o
                0x08003b8c                USBD_VCOM_Event_ConfigurationChanged
 .text.USBD_VCOM_Event_ControlRequest
                0x08003be8       0x10 ./Dave/Generated/USBD_VCOM/usbd_vcom.o
                0x08003be8                USBD_VCOM_Event_ControlRequest
 .text.USBD_VCOM_Event_Reset
                0x08003bf8       0x40 ./Dave/Generated/USBD_VCOM/usbd_vcom.o
                0x08003bf8                USBD_VCOM_Event_Reset
 .text.USBD_VCOM_CDCClass_Event_LineEncodingChanged
                0x08003c38       0x1c ./Dave/Generated/USBD_VCOM/usbd_vcom.o
                0x08003c38                USBD_VCOM_CDCClass_Event_LineEncodingChanged
 .text.USBD_VCOM_CDCClass_Event_ControlLineStateChanged
                0x08003c54       0x1c ./Dave/Generated/USBD_VCOM/usbd_vcom.o
                0x08003c54                USBD_VCOM_CDCClass_Event_ControlLineStateChanged
 .text.USBD_VCOM_CDCClass_Event_BreakSent
                0x08003c70       0x20 ./Dave/Generated/USBD_VCOM/usbd_vcom.o
                0x08003c70                USBD_VCOM_CDCClass_Event_BreakSent
 .text.USBD_VCOM_Connect
                0x08003c90       0x10 ./Dave/Generated/USBD_VCOM/usbd_vcom.o
                0x08003c90                USBD_VCOM_Connect
 .text.Endpoint_Write_Stream_LE
                0x08003ca0      0x10c ./Dave/Generated/USBD/usb/core/xmc4000/usbd_endpoint_stream_xmc4000.o
                0x08003ca0                Endpoint_Write_Stream_LE
 .text.NVIC_EnableIRQ
                0x08003dac       0x30 ./Dave/Generated/USBD/usb/core/xmc4000/usbd_endpoint_xmc4000.o
 .text.NVIC_DisableIRQ
                0x08003ddc       0x34 ./Dave/Generated/USBD/usb/core/xmc4000/usbd_endpoint_xmc4000.o
 .text.Endpoint_IsINReady
                0x08003e10       0x58 ./Dave/Generated/USBD/usb/core/xmc4000/usbd_endpoint_xmc4000.o
 .text.Endpoint_IsOUTReceived
                0x08003e68       0x44 ./Dave/Generated/USBD/usb/core/xmc4000/usbd_endpoint_xmc4000.o
 .text.Endpoint_GetEndpointDirection
                0x08003eac       0x38 ./Dave/Generated/USBD/usb/core/xmc4000/usbd_endpoint_xmc4000.o
 .text.Endpoint_IsStalled
                0x08003ee4       0x40 ./Dave/Generated/USBD/usb/core/xmc4000/usbd_endpoint_xmc4000.o
 .text.USB_Device_GetFrameNumber
                0x08003f24       0x18 ./Dave/Generated/USBD/usb/core/xmc4000/usbd_endpoint_xmc4000.o
 .text.Endpoint_WaitUntilReady
                0x08003f3c       0x90 ./Dave/Generated/USBD/usb/core/xmc4000/usbd_endpoint_xmc4000.o
                0x08003f3c                Endpoint_WaitUntilReady
 .text.Endpoint_ClearOUT
                0x08003fcc       0x98 ./Dave/Generated/USBD/usb/core/xmc4000/usbd_endpoint_xmc4000.o
                0x08003fcc                Endpoint_ClearOUT
 .text.Endpoint_ClearIN
                0x08004064       0xa0 ./Dave/Generated/USBD/usb/core/xmc4000/usbd_endpoint_xmc4000.o
                0x08004064                Endpoint_ClearIN
 .text.Endpoint_IsReadWriteAllowed
                0x08004104       0x64 ./Dave/Generated/USBD/usb/core/xmc4000/usbd_endpoint_xmc4000.o
                0x08004104                Endpoint_IsReadWriteAllowed
 .text.Endpoint_Write_8
                0x08004168       0x68 ./Dave/Generated/USBD/usb/core/xmc4000/usbd_endpoint_xmc4000.o
                0x08004168                Endpoint_Write_8
 .text.Endpoint_Read_8
                0x080041d0       0x70 ./Dave/Generated/USBD/usb/core/xmc4000/usbd_endpoint_xmc4000.o
                0x080041d0                Endpoint_Read_8
 .text.Endpoint_Write_32_LE
                0x08004240       0x68 ./Dave/Generated/USBD/usb/core/xmc4000/usbd_endpoint_xmc4000.o
                0x08004240                Endpoint_Write_32_LE
 .text.Endpoint_Read_32_LE
                0x080042a8       0x70 ./Dave/Generated/USBD/usb/core/xmc4000/usbd_endpoint_xmc4000.o
                0x080042a8                Endpoint_Read_32_LE
 .text.Endpoint_ConfigureEndpointTable
                0x08004318      0x150 ./Dave/Generated/USBD/usb/core/xmc4000/usbd_endpoint_xmc4000.o
                0x08004318                Endpoint_ConfigureEndpointTable
 .text.NVIC_GetPriorityGrouping
                0x08004468       0x1c ./Dave/Generated/USBD/usbd.o
 .text.NVIC_EnableIRQ
                0x08004484       0x30 ./Dave/Generated/USBD/usbd.o
 .text.NVIC_DisableIRQ
                0x080044b4       0x34 ./Dave/Generated/USBD/usbd.o
 .text.NVIC_ClearPendingIRQ
                0x080044e8       0x34 ./Dave/Generated/USBD/usbd.o
 .text.NVIC_SetPriority
                0x0800451c       0x54 ./Dave/Generated/USBD/usbd.o
 .text.NVIC_EncodePriority
                0x08004570       0x64 ./Dave/Generated/USBD/usbd.o
 .text.USBD_Init
                0x080045d4      0x124 ./Dave/Generated/USBD/usbd.o
                0x080045d4                USBD_Init
 .text.USBD_Connect
                0x080046f8       0x18 ./Dave/Generated/USBD/usbd.o
                0x080046f8                USBD_Connect
 .text.USBD_IsEnumDone
                0x08004710       0x18 ./Dave/Generated/USBD/usbd.o
                0x08004710                USBD_IsEnumDone
 .text.USBD_SetEndpointBuffer
                0x08004728       0x78 ./Dave/Generated/USBD/usbd.o
                0x08004728                USBD_SetEndpointBuffer
 .text.USB0_0_IRQHandler
                0x080047a0       0x14 ./Dave/Generated/USBD/usbd.o
                0x080047a0                USB0_0_IRQHandler
 .text.USB_EnableUSBInterrupt
                0x080047b4       0x2c ./Dave/Generated/USBD/usbd.o
 .text.USB_DisableUSBInterrupt
                0x080047e0       0x14 ./Dave/Generated/USBD/usbd.o
 .text.USBD_HandleEP0_Stall
                0x080047f4       0x30 ./Dave/Generated/USBD/usbd.o
 .text.USBD_Handle_DeviceRequest
                0x08004824      0x4b8 ./Dave/Generated/USBD/usbd.o
 .text.USBD_HandleEP0_IN
                0x08004cdc       0x4c ./Dave/Generated/USBD/usbd.o
 .text.USBD_HandleEP0_OUT
                0x08004d28       0x54 ./Dave/Generated/USBD/usbd.o
 .text.USBD_HandleEP0_SETUP
                0x08004d7c       0x98 ./Dave/Generated/USBD/usbd.o
 .text.USBD_SignalDeviceEventHandler
                0x08004e14      0x25c ./Dave/Generated/USBD/usbd.o
 .text.USBD_SignalEndpointEvent_Handler
                0x08005070      0x1a0 ./Dave/Generated/USBD/usbd.o
 .text.NVIC_GetPriorityGrouping
                0x08005210       0x1c ./Dave/Generated/INTERRUPT/interrupt.o
 .text.NVIC_EnableIRQ
                0x0800522c       0x30 ./Dave/Generated/INTERRUPT/interrupt.o
 .text.NVIC_SetPriority
                0x0800525c       0x54 ./Dave/Generated/INTERRUPT/interrupt.o
 .text.NVIC_EncodePriority
                0x080052b0       0x64 ./Dave/Generated/INTERRUPT/interrupt.o
 .text.INTERRUPT_Enable
                0x08005314       0x1c ./Dave/Generated/INTERRUPT/interrupt.o
 .text.INTERRUPT_Init
                0x08005330       0x4c ./Dave/Generated/INTERRUPT/interrupt.o
                0x08005330                INTERRUPT_Init
 .text.GLOBAL_CAN_Init
                0x0800537c       0x44 ./Dave/Generated/GLOBAL_CAN/global_can.o
                0x0800537c                GLOBAL_CAN_Init
 .text.NVIC_SetPriorityGrouping
                0x080053c0       0x48 ./Dave/Generated/CPU_CTRL_XMC4/cpu_ctrl_xmc4_conf.o
 .text.SystemCoreSetup
                0x08005408       0xa0 ./Dave/Generated/CPU_CTRL_XMC4/cpu_ctrl_xmc4_conf.o
                0x08005408                SystemCoreSetup
 .text.CLOCK_XMC4_Init
                0x080054a8       0x20 ./Dave/Generated/CLOCK_XMC4/clock_xmc4.o
                0x080054a8                CLOCK_XMC4_Init
 .text.OSCHP_GetFrequency
                0x080054c8       0x14 ./Dave/Generated/CLOCK_XMC4/clock_xmc4.o
                0x080054c8                OSCHP_GetFrequency
 .text.SystemCoreClockSetup
                0x080054dc       0x54 ./Dave/Generated/CLOCK_XMC4/clock_xmc4_conf.o
                0x080054dc                SystemCoreClockSetup
 .text.XMC_CAN_NODE_SetEventNodePointer
                0x08005530       0x38 ./Dave/Generated/CAN_NODE/can_node.o
 .text.XMC_CAN_NODE_SetReceiveInput
                0x08005568       0x2c ./Dave/Generated/CAN_NODE/can_node.o
 .text.XMC_CAN_NODE_EnableLoopBack
                0x08005594       0x20 ./Dave/Generated/CAN_NODE/can_node.o
 .text.XMC_CAN_NODE_GetStatus
                0x080055b4       0x18 ./Dave/Generated/CAN_NODE/can_node.o
 .text.XMC_CAN_NODE_EnableConfigurationChange
                0x080055cc       0x20 ./Dave/Generated/CAN_NODE/can_node.o
 .text.XMC_CAN_NODE_DisableConfigurationChange
                0x080055ec       0x20 ./Dave/Generated/CAN_NODE/can_node.o
 .text.XMC_CAN_NODE_SetInitBit
                0x0800560c       0x20 ./Dave/Generated/CAN_NODE/can_node.o
 .text.XMC_CAN_NODE_ResetInitBit
                0x0800562c       0x20 ./Dave/Generated/CAN_NODE/can_node.o
 .text.XMC_CAN_MO_SetEventNodePointer
                0x0800564c       0x3c ./Dave/Generated/CAN_NODE/can_node.o
 .text.XMC_CAN_MO_GetStatus
                0x08005688       0x1c ./Dave/Generated/CAN_NODE/can_node.o
 .text.XMC_CAN_MO_EnableEvent
                0x080056a4       0x24 ./Dave/Generated/CAN_NODE/can_node.o
 .text.CAN_NODE_MO_EnableTxEvent
                0x080056c8       0x1c ./Dave/Generated/CAN_NODE/can_node.o
 .text.CAN_NODE_MO_EnableRxEvent
                0x080056e4       0x1c ./Dave/Generated/CAN_NODE/can_node.o
 .text.CAN_NODE_SetNodeEvents
                0x08005700       0x74 ./Dave/Generated/CAN_NODE/can_node.o
 .text.CAN_NODE_SetNodePointer
                0x08005774       0x68 ./Dave/Generated/CAN_NODE/can_node.o
 .text.CAN_NODE_MO_Init
                0x080057dc       0x58 ./Dave/Generated/CAN_NODE/can_node.o
                0x080057dc                CAN_NODE_MO_Init
 .text.CAN_NODE_MO_Transmit
                0x08005834       0x24 ./Dave/Generated/CAN_NODE/can_node.o
                0x08005834                CAN_NODE_MO_Transmit
 .text.CAN_NODE_MO_Receive
                0x08005858       0x24 ./Dave/Generated/CAN_NODE/can_node.o
                0x08005858                CAN_NODE_MO_Receive
 .text.CAN_NODE_MO_GetStatus
                0x0800587c       0x20 ./Dave/Generated/CAN_NODE/can_node.o
                0x0800587c                CAN_NODE_MO_GetStatus
 .text.CAN_NODE_GetStatus
                0x0800589c       0x20 ./Dave/Generated/CAN_NODE/can_node.o
                0x0800589c                CAN_NODE_GetStatus
 .text.CAN_NODE_Init
                0x080058bc      0x130 ./Dave/Generated/CAN_NODE/can_node.o
                0x080058bc                CAN_NODE_Init
 .text.DAVE_Init
                0x080059ec       0x60 ./Dave/Generated/DAVE.o
                0x080059ec                DAVE_Init
 .text.XMC_GPIO_SetOutputHigh
                0x08005a4c       0x20 ./main.o
 .text.XMC_GPIO_SetOutputLow
                0x08005a6c       0x24 ./main.o
 .text.XMC_GPIO_GetInput
                0x08005a90       0x28 ./main.o
 .text.XMC_GPIO_EnableDigitalInput
                0x08005ab8       0x2c ./main.o
 .text.XMC_CAN_NODE_SetInitBit
                0x08005ae4       0x20 ./main.o
 .text.XMC_CAN_NODE_ResetInitBit
                0x08005b04       0x20 ./main.o
 .text.XMC_CAN_NODE_SetAnalyzerMode
                0x08005b24       0x20 ./main.o
 .text.XMC_CAN_NODE_ReSetAnalyzerMode
                0x08005b44       0x20 ./main.o
 .text.XMC_CAN_MO_GetStatus
                0x08005b64       0x1c ./main.o
 .text._error   0x08005b80       0x14 ./main.o
                0x08005b80                _error
 .text.is_printable
                0x08005b94       0x2c ./main.o
                0x08005b94                is_printable
 .text.USB_CAN_printf
                0x08005bc0       0x48 ./main.o
                0x08005bc0                USB_CAN_printf
 .text.printCanMsg
                0x08005c08       0x70 ./main.o
                0x08005c08                printCanMsg
 .text.consumeCanMsg
                0x08005c78       0x34 ./main.o
                0x08005c78                consumeCanMsg
 .text.executeAnalyserCommand
                0x08005cac       0x40 ./main.o
                0x08005cac                executeAnalyserCommand
 .text.XMC_CAN_MO_Transmission_Ongoing
                0x08005cec       0x20 ./main.o
                0x08005cec                XMC_CAN_MO_Transmission_Ongoing
 .text.sendCanMsg
                0x08005d0c       0x74 ./main.o
                0x08005d0c                sendCanMsg
 .text.executeSurgeCommand
                0x08005d80       0x58 ./main.o
                0x08005d80                executeSurgeCommand
 .text.executeTriggertSendCommand
                0x08005dd8       0xa8 ./main.o
                0x08005dd8                executeTriggertSendCommand
 .text.executeSendCommand
                0x08005e80       0x30 ./main.o
                0x08005e80                executeSendCommand
 .text.processSendCommand
                0x08005eb0      0x214 ./main.o
                0x08005eb0                processSendCommand
 .text.processSurgeCommand
                0x080060c4       0x10 ./main.o
                0x080060c4                processSurgeCommand
 .text.processEchoCommand
                0x080060d4       0x38 ./main.o
                0x080060d4                processEchoCommand
 .text.processAnalyzerCommand
                0x0800610c       0x40 ./main.o
                0x0800610c                processAnalyzerCommand
 .text.processCommand
                0x0800614c       0xe8 ./main.o
                0x0800614c                processCommand
 .text.USBD_VCOM_SendPromt
                0x08006234       0x20 ./main.o
                0x08006234                USBD_VCOM_SendPromt
 .text.processTrigger
                0x08006254       0x9c ./main.o
                0x08006254                processTrigger
 .text.main     0x080062f0      0x1c0 ./main.o
                0x080062f0                main
 .text.CAN0_1_IRQHandler
                0x080064b0       0x50 ./main.o
                0x080064b0                CAN0_1_IRQHandler
 .text.__errno  0x08006500        0xc e:/davev4/dave-4.1.4/eclipse/arm-gcc-49/bin/../lib/gcc/arm-none-eabi/4.9.3/../../../../arm-none-eabi/lib/armv7e-m/softfp\libg_nano.a(lib_a-errno.o)
                0x08006500                __errno
 .text.__libc_init_array
                0x0800650c       0x4c e:/davev4/dave-4.1.4/eclipse/arm-gcc-49/bin/../lib/gcc/arm-none-eabi/4.9.3/../../../../arm-none-eabi/lib/armv7e-m/softfp\libg_nano.a(lib_a-init.o)
                0x0800650c                __libc_init_array
 .text.memcpy   0x08006558       0x16 e:/davev4/dave-4.1.4/eclipse/arm-gcc-49/bin/../lib/gcc/arm-none-eabi/4.9.3/../../../../arm-none-eabi/lib/armv7e-m/softfp\libg_nano.a(lib_a-memcpy.o)
                0x08006558                memcpy
 .text.memset   0x0800656e       0x10 e:/davev4/dave-4.1.4/eclipse/arm-gcc-49/bin/../lib/gcc/arm-none-eabi/4.9.3/../../../../arm-none-eabi/lib/armv7e-m/softfp\libg_nano.a(lib_a-memset.o)
                0x0800656e                memset
 .text          0x0800657e       0x14 e:/davev4/dave-4.1.4/eclipse/arm-gcc-49/bin/../lib/gcc/arm-none-eabi/4.9.3/../../../../arm-none-eabi/lib/armv7e-m/softfp\libg_nano.a(lib_a-strcmp.o)
                0x0800657e                strcmp
 .text.strlen   0x08006592       0x10 e:/davev4/dave-4.1.4/eclipse/arm-gcc-49/bin/../lib/gcc/arm-none-eabi/4.9.3/../../../../arm-none-eabi/lib/armv7e-m/softfp\libg_nano.a(lib_a-strlen.o)
                0x08006592                strlen
 .text.strsep   0x080065a2        0xa e:/davev4/dave-4.1.4/eclipse/arm-gcc-49/bin/../lib/gcc/arm-none-eabi/4.9.3/../../../../arm-none-eabi/lib/armv7e-m/softfp\libg_nano.a(lib_a-strsep.o)
                0x080065a2                strsep
 .text.__strtok_r
                0x080065ac       0x56 e:/davev4/dave-4.1.4/eclipse/arm-gcc-49/bin/../lib/gcc/arm-none-eabi/4.9.3/../../../../arm-none-eabi/lib/armv7e-m/softfp\libg_nano.a(lib_a-strtok_r.o)
                0x080065ac                __strtok_r
 *fill*         0x08006602        0x2 
 .text._strtol_r
                0x08006604      0x10c e:/davev4/dave-4.1.4/eclipse/arm-gcc-49/bin/../lib/gcc/arm-none-eabi/4.9.3/../../../../arm-none-eabi/lib/armv7e-m/softfp\libg_nano.a(lib_a-strtol.o)
                0x08006604                _strtol_r
 .text.strtol   0x08006710       0x1c e:/davev4/dave-4.1.4/eclipse/arm-gcc-49/bin/../lib/gcc/arm-none-eabi/4.9.3/../../../../arm-none-eabi/lib/armv7e-m/softfp\libg_nano.a(lib_a-strtol.o)
                0x08006710                strtol
 .text._strtoul_r
                0x0800672c       0xf8 e:/davev4/dave-4.1.4/eclipse/arm-gcc-49/bin/../lib/gcc/arm-none-eabi/4.9.3/../../../../arm-none-eabi/lib/armv7e-m/softfp\libg_nano.a(lib_a-strtoul.o)
                0x0800672c                _strtoul_r
 .text.strtoul  0x08006824       0x1c e:/davev4/dave-4.1.4/eclipse/arm-gcc-49/bin/../lib/gcc/arm-none-eabi/4.9.3/../../../../arm-none-eabi/lib/armv7e-m/softfp\libg_nano.a(lib_a-strtoul.o)
                0x08006824                strtoul
 .text._vsnprintf_r
                0x08006840       0x52 e:/davev4/dave-4.1.4/eclipse/arm-gcc-49/bin/../lib/gcc/arm-none-eabi/4.9.3/../../../../arm-none-eabi/lib/armv7e-m/softfp\libg_nano.a(lib_a-vsnprintf.o)
                0x08006840                _vsniprintf_r
                0x08006840                _vsnprintf_r
 *fill*         0x08006892        0x2 
 .text.vsnprintf
                0x08006894       0x20 e:/davev4/dave-4.1.4/eclipse/arm-gcc-49/bin/../lib/gcc/arm-none-eabi/4.9.3/../../../../arm-none-eabi/lib/armv7e-m/softfp\libg_nano.a(lib_a-vsnprintf.o)
                0x08006894                vsniprintf
                0x08006894                vsnprintf
 .text.__ssputs_r
                0x080068b4       0xb2 e:/davev4/dave-4.1.4/eclipse/arm-gcc-49/bin/../lib/gcc/arm-none-eabi/4.9.3/../../../../arm-none-eabi/lib/armv7e-m/softfp\libg_nano.a(lib_a-nano-svfprintf.o)
                0x080068b4                __ssputs_r
 *fill*         0x08006966        0x2 
 .text._svfprintf_r
                0x08006968      0x1e4 e:/davev4/dave-4.1.4/eclipse/arm-gcc-49/bin/../lib/gcc/arm-none-eabi/4.9.3/../../../../arm-none-eabi/lib/armv7e-m/softfp\libg_nano.a(lib_a-nano-svfprintf.o)
                0x08006968                _svfiprintf_r
                0x08006968                _svfprintf_r
 .text._printf_common
                0x08006b4c       0xea e:/davev4/dave-4.1.4/eclipse/arm-gcc-49/bin/../lib/gcc/arm-none-eabi/4.9.3/../../../../arm-none-eabi/lib/armv7e-m/softfp\libg_nano.a(lib_a-nano-vfprintf_i.o)
                0x08006b4c                _printf_common
 *fill*         0x08006c36        0x2 
 .text._printf_i
                0x08006c38      0x234 e:/davev4/dave-4.1.4/eclipse/arm-gcc-49/bin/../lib/gcc/arm-none-eabi/4.9.3/../../../../arm-none-eabi/lib/armv7e-m/softfp\libg_nano.a(lib_a-nano-vfprintf_i.o)
                0x08006c38                _printf_i
 .text.memchr   0x08006e6c       0x1e e:/davev4/dave-4.1.4/eclipse/arm-gcc-49/bin/../lib/gcc/arm-none-eabi/4.9.3/../../../../arm-none-eabi/lib/armv7e-m/softfp\libg_nano.a(lib_a-memchr.o)
                0x08006e6c                memchr
 .text.memmove  0x08006e8a       0x36 e:/davev4/dave-4.1.4/eclipse/arm-gcc-49/bin/../lib/gcc/arm-none-eabi/4.9.3/../../../../arm-none-eabi/lib/armv7e-m/softfp\libg_nano.a(lib_a-memmove.o)
                0x08006e8a                memmove
 .text._free_r  0x08006ec0       0x88 e:/davev4/dave-4.1.4/eclipse/arm-gcc-49/bin/../lib/gcc/arm-none-eabi/4.9.3/../../../../arm-none-eabi/lib/armv7e-m/softfp\libg_nano.a(lib_a-nano-freer.o)
                0x08006ec0                _free_r
 .text._malloc_r
                0x08006f48       0xac e:/davev4/dave-4.1.4/eclipse/arm-gcc-49/bin/../lib/gcc/arm-none-eabi/4.9.3/../../../../arm-none-eabi/lib/armv7e-m/softfp\libg_nano.a(lib_a-nano-mallocr.o)
                0x08006f48                _malloc_r
 .text._realloc_r
                0x08006ff4       0x4c e:/davev4/dave-4.1.4/eclipse/arm-gcc-49/bin/../lib/gcc/arm-none-eabi/4.9.3/../../../../arm-none-eabi/lib/armv7e-m/softfp\libg_nano.a(lib_a-nano-reallocr.o)
                0x08006ff4                _realloc_r
 .text._sbrk_r  0x08007040       0x20 e:/davev4/dave-4.1.4/eclipse/arm-gcc-49/bin/../lib/gcc/arm-none-eabi/4.9.3/../../../../arm-none-eabi/lib/armv7e-m/softfp\libg_nano.a(lib_a-sbrkr.o)
                0x08007040                _sbrk_r
 .text._malloc_usable_size_r
                0x08007060       0x14 e:/davev4/dave-4.1.4/eclipse/arm-gcc-49/bin/../lib/gcc/arm-none-eabi/4.9.3/../../../../arm-none-eabi/lib/armv7e-m/softfp\libg_nano.a(lib_a-nano-msizer.o)
                0x08007060                _malloc_usable_size_r
 *(.init)
 *(.fini)
 *crtbegin.o(.ctors)
 *crtbegin?.o(.ctors)
 *(EXCLUDE_FILE(*crtend.o *crtend?.o) .ctors)
 *(SORT(.ctors.*))
 *(.ctors)
 *crtbegin.o(.dtors)
 *crtbegin?.o(.dtors)
 *(EXCLUDE_FILE(*crtend.o *crtend?.o) .dtors)
 *(SORT(.dtors.*))
 *(.dtors)
 *(.rodata .rodata.*)
 .rodata.Driver_USBD0
                0x08007074       0x40 ./Libraries/XMCLib/src/xmc_usbd.o
                0x08007074                Driver_USBD0
 .rodata.device_descriptor
                0x080070b4       0x14 ./Dave/Generated/USBD_VCOM/virtual_com/descriptors.o
                0x080070b4                device_descriptor
 .rodata.configuration_descriptor
                0x080070c8       0x40 ./Dave/Generated/USBD_VCOM/virtual_com/descriptors.o
                0x080070c8                configuration_descriptor
 .rodata.language_string
                0x08007108       0x68 ./Dave/Generated/USBD_VCOM/virtual_com/descriptors.o
                0x08007108                language_string
 .rodata.manufacturer_string
                0x08007170       0x68 ./Dave/Generated/USBD_VCOM/virtual_com/descriptors.o
                0x08007170                manufacturer_string
 .rodata.product_string
                0x080071d8       0x68 ./Dave/Generated/USBD_VCOM/virtual_com/descriptors.o
                0x080071d8                product_string
 .rodata.CanRxInterrupt
                0x08007240        0x4 ./Dave/Generated/INTERRUPT/interrupt_conf.o
                0x08007240                CanRxInterrupt
 .rodata        0x08007244       0x14 ./Dave/Generated/CLOCK_XMC4/clock_xmc4_conf.o
 .rodata.CAN_NODE_0_gpio_out
                0x08007258        0x8 ./Dave/Generated/CAN_NODE/can_node_conf.o
                0x08007258                CAN_NODE_0_gpio_out
 .rodata.CAN_NODE_0_gpio_out_config
                0x08007260        0xc ./Dave/Generated/CAN_NODE/can_node_conf.o
                0x08007260                CAN_NODE_0_gpio_out_config
 .rodata.CAN_NODE_0_gpio_in
                0x0800726c        0x8 ./Dave/Generated/CAN_NODE/can_node_conf.o
                0x0800726c                CAN_NODE_0_gpio_in
 .rodata.CAN_NODE_0_gpio_in_config
                0x08007274        0xc ./Dave/Generated/CAN_NODE/can_node_conf.o
                0x08007274                CAN_NODE_0_gpio_in_config
 .rodata.CAN_NODE_0_sr
                0x08007280        0x4 ./Dave/Generated/CAN_NODE/can_node_conf.o
                0x08007280                CAN_NODE_0_sr
 .rodata.CAN_NODE_0_LMO_01_Config
                0x08007284        0xc ./Dave/Generated/CAN_NODE/can_node_conf.o
                0x08007284                CAN_NODE_0_LMO_01_Config
 .rodata.CAN_NODE_0_LMO_02_Config
                0x08007290        0xc ./Dave/Generated/CAN_NODE/can_node_conf.o
                0x08007290                CAN_NODE_0_LMO_02_Config
 .rodata.CAN_NODE_0_LMO_03_Config
                0x0800729c        0xc ./Dave/Generated/CAN_NODE/can_node_conf.o
                0x0800729c                CAN_NODE_0_LMO_03_Config
 .rodata.CAN_NODE_0_LMO_04_Config
                0x080072a8        0xc ./Dave/Generated/CAN_NODE/can_node_conf.o
                0x080072a8                CAN_NODE_0_LMO_04_Config
 .rodata.CAN_NODE_0_LMO_05_Config
                0x080072b4        0xc ./Dave/Generated/CAN_NODE/can_node_conf.o
                0x080072b4                CAN_NODE_0_LMO_05_Config
 .rodata.CAN_NODE_0_LMO_06_Config
                0x080072c0        0xc ./Dave/Generated/CAN_NODE/can_node_conf.o
                0x080072c0                CAN_NODE_0_LMO_06_Config
 .rodata.CAN_NODE_0_LMO_07_Config
                0x080072cc        0xc ./Dave/Generated/CAN_NODE/can_node_conf.o
                0x080072cc                CAN_NODE_0_LMO_07_Config
 .rodata.CAN_NODE_0_LMO_08_Config
                0x080072d8        0xc ./Dave/Generated/CAN_NODE/can_node_conf.o
                0x080072d8                CAN_NODE_0_LMO_08_Config
 .rodata.CAN_NODE_0_LMO_09_Config
                0x080072e4        0xc ./Dave/Generated/CAN_NODE/can_node_conf.o
                0x080072e4                CAN_NODE_0_LMO_09_Config
 .rodata.CAN_NODE_0_LMO_10_Config
                0x080072f0        0xc ./Dave/Generated/CAN_NODE/can_node_conf.o
                0x080072f0                CAN_NODE_0_LMO_10_Config
 .rodata.CAN_NODE_0_LMO_11_Config
                0x080072fc        0xc ./Dave/Generated/CAN_NODE/can_node_conf.o
                0x080072fc                CAN_NODE_0_LMO_11_Config
 .rodata.CAN_NODE_0_LMO_12_Config
                0x08007308        0xc ./Dave/Generated/CAN_NODE/can_node_conf.o
                0x08007308                CAN_NODE_0_LMO_12_Config
 .rodata.CAN_NODE_0_LMO_13_Config
                0x08007314        0xc ./Dave/Generated/CAN_NODE/can_node_conf.o
                0x08007314                CAN_NODE_0_LMO_13_Config
 .rodata.CAN_NODE_0_LMO_14_Config
                0x08007320        0xc ./Dave/Generated/CAN_NODE/can_node_conf.o
                0x08007320                CAN_NODE_0_LMO_14_Config
 .rodata.CAN_NODE_0_LMO_15_Config
                0x0800732c        0xc ./Dave/Generated/CAN_NODE/can_node_conf.o
                0x0800732c                CAN_NODE_0_LMO_15_Config
 .rodata.CAN_NODE_0_LMO_16_Config
                0x08007338        0xc ./Dave/Generated/CAN_NODE/can_node_conf.o
                0x08007338                CAN_NODE_0_LMO_16_Config
 .rodata.CAN_NODE_0_LMO_17_Config
                0x08007344        0xc ./Dave/Generated/CAN_NODE/can_node_conf.o
                0x08007344                CAN_NODE_0_LMO_17_Config
 .rodata.CAN_NODE_0_LMO_18_Config
                0x08007350        0xc ./Dave/Generated/CAN_NODE/can_node_conf.o
                0x08007350                CAN_NODE_0_LMO_18_Config
 .rodata.CAN_NODE_0_LMO_19_Config
                0x0800735c        0xc ./Dave/Generated/CAN_NODE/can_node_conf.o
                0x0800735c                CAN_NODE_0_LMO_19_Config
 .rodata.CAN_NODE_0_LMO_20_Config
                0x08007368        0xc ./Dave/Generated/CAN_NODE/can_node_conf.o
                0x08007368                CAN_NODE_0_LMO_20_Config
 .rodata.CAN_NODE_0_LMO_21_Config
                0x08007374        0xc ./Dave/Generated/CAN_NODE/can_node_conf.o
                0x08007374                CAN_NODE_0_LMO_21_Config
 .rodata.CAN_NODE_0_LMO_22_Config
                0x08007380        0xc ./Dave/Generated/CAN_NODE/can_node_conf.o
                0x08007380                CAN_NODE_0_LMO_22_Config
 .rodata.CAN_NODE_0_LMO_23_Config
                0x0800738c        0xc ./Dave/Generated/CAN_NODE/can_node_conf.o
                0x0800738c                CAN_NODE_0_LMO_23_Config
 .rodata.CAN_NODE_0_LMO_24_Config
                0x08007398        0xc ./Dave/Generated/CAN_NODE/can_node_conf.o
                0x08007398                CAN_NODE_0_LMO_24_Config
 .rodata.CAN_NODE_0_LMO_25_Config
                0x080073a4        0xc ./Dave/Generated/CAN_NODE/can_node_conf.o
                0x080073a4                CAN_NODE_0_LMO_25_Config
 .rodata.CAN_NODE_0_LMO_26_Config
                0x080073b0        0xc ./Dave/Generated/CAN_NODE/can_node_conf.o
                0x080073b0                CAN_NODE_0_LMO_26_Config
 .rodata.CAN_NODE_0_LMO_27_Config
                0x080073bc        0xc ./Dave/Generated/CAN_NODE/can_node_conf.o
                0x080073bc                CAN_NODE_0_LMO_27_Config
 .rodata.CAN_NODE_0_LMO_28_Config
                0x080073c8        0xc ./Dave/Generated/CAN_NODE/can_node_conf.o
                0x080073c8                CAN_NODE_0_LMO_28_Config
 .rodata.CAN_NODE_0_LMO_29_Config
                0x080073d4        0xc ./Dave/Generated/CAN_NODE/can_node_conf.o
                0x080073d4                CAN_NODE_0_LMO_29_Config
 .rodata.CAN_NODE_0_LMO_30_Config
                0x080073e0        0xc ./Dave/Generated/CAN_NODE/can_node_conf.o
                0x080073e0                CAN_NODE_0_LMO_30_Config
 .rodata.CAN_NODE_0_LMO_31_Config
                0x080073ec        0xc ./Dave/Generated/CAN_NODE/can_node_conf.o
                0x080073ec                CAN_NODE_0_LMO_31_Config
 .rodata.CAN_NODE_0_LMO_32_Config
                0x080073f8        0xc ./Dave/Generated/CAN_NODE/can_node_conf.o
                0x080073f8                CAN_NODE_0_LMO_32_Config
 .rodata.CAN_NODE_0
                0x08007404       0xa8 ./Dave/Generated/CAN_NODE/can_node_conf.o
                0x08007404                CAN_NODE_0
 .rodata.CommandSeperator
                0x080074ac        0x4 ./main.o
                0x080074ac                CommandSeperator
 .rodata        0x080074b0      0x108 ./main.o
 .rodata.str1.1
                0x080075b8        0x2 e:/davev4/dave-4.1.4/eclipse/arm-gcc-49/bin/../lib/gcc/arm-none-eabi/4.9.3/../../../../arm-none-eabi/lib/armv7e-m/softfp\libg_nano.a(lib_a-impure.o)
 .rodata._ctype_
                0x080075ba      0x101 e:/davev4/dave-4.1.4/eclipse/arm-gcc-49/bin/../lib/gcc/arm-none-eabi/4.9.3/../../../../arm-none-eabi/lib/armv7e-m/softfp\libg_nano.a(lib_a-ctype_.o)
                0x080075ba                _ctype_
 .rodata.str1.1
                0x080076bb       0x11 e:/davev4/dave-4.1.4/eclipse/arm-gcc-49/bin/../lib/gcc/arm-none-eabi/4.9.3/../../../../arm-none-eabi/lib/armv7e-m/softfp\libg_nano.a(lib_a-nano-svfprintf.o)
 .rodata.str1.1
                0x080076cc       0x22 e:/davev4/dave-4.1.4/eclipse/arm-gcc-49/bin/../lib/gcc/arm-none-eabi/4.9.3/../../../../arm-none-eabi/lib/armv7e-m/softfp\libg_nano.a(lib_a-nano-vfprintf_i.o)
 *(.gnu.linkonce.r*)
                0x080076f0                . = ALIGN (0x4)
 *fill*         0x080076ee        0x2 

.glue_7         0x080076f0        0x0 load address 0x0c0076f0
 .glue_7        0x00000000        0x0 linker stubs

.glue_7t        0x080076f0        0x0 load address 0x0c0076f0
 .glue_7t       0x00000000        0x0 linker stubs

.vfp11_veneer   0x080076f0        0x0 load address 0x0c0076f0
 .vfp11_veneer  0x00000000        0x0 linker stubs

.v4_bx          0x080076f0        0x0 load address 0x0c0076f0
 .v4_bx         0x00000000        0x0 linker stubs

.iplt           0x080076f0        0x0 load address 0x0c0076f0
 .iplt          0x00000000        0x0 ./Startup/startup_XMC4700.o

.rel.dyn        0x080076f0        0x0 load address 0x0c0076f0
 .rel.iplt      0x00000000        0x0 ./Startup/startup_XMC4700.o

.ARM.extab
 *(.ARM.extab* .gnu.linkonce.armextab.*)
                0x080076f0                __exidx_start = .

.ARM.exidx
 *(.ARM.exidx* .gnu.linkonce.armexidx.*)
                0x080076f0                __exidx_end = .

Stack           0x1ffe8000      0x800
                0x1ffe8000                __stack_start = .
                0x1ffe8800                . = (. + stack_size)
 *fill*         0x1ffe8000      0x800 
                0x1ffe8800                __stack_end = .
                0x1ffe8800                __initial_sp = .

.ram_code       0x1ffe8800        0x0 load address 0x0c0076f0
                0x1ffe8800                . = ALIGN (0x4)
                0x1ffe8800                __ram_code_start = .
 *(.ram_code)
                0x1ffe8800                . = ALIGN (0x4)
                0x1ffe8800                __ram_code_end = .
                0x0c0076f0                __ram_code_load = LOADADDR (.ram_code)
                0x00000000                __ram_code_size = (__ram_code_end - __ram_code_start)

.data           0x1ffe8800      0x570 load address 0x0c0076f0
                0x1ffe8800                . = ALIGN (0x4)
                0x1ffe8800                __data_start = .
 *(.data)
 *(.data*)
 .data.usbd_vcom_events
                0x1ffe8800       0x28 ./Dave/Generated/USBD_VCOM/usbd_vcom.o
                0x1ffe8800                usbd_vcom_events
 .data.cdc_class_events
                0x1ffe8828        0xc ./Dave/Generated/USBD_VCOM/usbd_vcom.o
                0x1ffe8828                cdc_class_events
 .data.USBD_VCOM_handle
                0x1ffe8834        0x4 ./Dave/Generated/USBD_VCOM/usbd_vcom_conf.o
                0x1ffe8834                USBD_VCOM_handle
 .data.USBD_0   0x1ffe8838       0x14 ./Dave/Generated/USBD/usbd_conf.o
                0x1ffe8838                USBD_0
 .data.USBD_handle
                0x1ffe884c        0x4 ./Dave/Generated/USBD/usbd_conf.o
                0x1ffe884c                USBD_handle
 .data.GLOBAL_CAN_0
                0x1ffe8850        0xc ./Dave/Generated/GLOBAL_CAN/global_can_conf.o
                0x1ffe8850                GLOBAL_CAN_0
 .data.CAN_NODE_0_BitTimeConfig
                0x1ffe885c        0xc ./Dave/Generated/CAN_NODE/can_node_conf.o
                0x1ffe885c                CAN_NODE_0_BitTimeConfig
 .data.CAN_NODE_0_LMO_01
                0x1ffe8868       0x20 ./Dave/Generated/CAN_NODE/can_node_conf.o
                0x1ffe8868                CAN_NODE_0_LMO_01
 .data.CAN_NODE_0_LMO_02
                0x1ffe8888       0x20 ./Dave/Generated/CAN_NODE/can_node_conf.o
                0x1ffe8888                CAN_NODE_0_LMO_02
 .data.CAN_NODE_0_LMO_03
                0x1ffe88a8       0x20 ./Dave/Generated/CAN_NODE/can_node_conf.o
                0x1ffe88a8                CAN_NODE_0_LMO_03
 .data.CAN_NODE_0_LMO_04
                0x1ffe88c8       0x20 ./Dave/Generated/CAN_NODE/can_node_conf.o
                0x1ffe88c8                CAN_NODE_0_LMO_04
 .data.CAN_NODE_0_LMO_05
                0x1ffe88e8       0x20 ./Dave/Generated/CAN_NODE/can_node_conf.o
                0x1ffe88e8                CAN_NODE_0_LMO_05
 .data.CAN_NODE_0_LMO_06
                0x1ffe8908       0x20 ./Dave/Generated/CAN_NODE/can_node_conf.o
                0x1ffe8908                CAN_NODE_0_LMO_06
 .data.CAN_NODE_0_LMO_07
                0x1ffe8928       0x20 ./Dave/Generated/CAN_NODE/can_node_conf.o
                0x1ffe8928                CAN_NODE_0_LMO_07
 .data.CAN_NODE_0_LMO_08
                0x1ffe8948       0x20 ./Dave/Generated/CAN_NODE/can_node_conf.o
                0x1ffe8948                CAN_NODE_0_LMO_08
 .data.CAN_NODE_0_LMO_09
                0x1ffe8968       0x20 ./Dave/Generated/CAN_NODE/can_node_conf.o
                0x1ffe8968                CAN_NODE_0_LMO_09
 .data.CAN_NODE_0_LMO_10
                0x1ffe8988       0x20 ./Dave/Generated/CAN_NODE/can_node_conf.o
                0x1ffe8988                CAN_NODE_0_LMO_10
 .data.CAN_NODE_0_LMO_11
                0x1ffe89a8       0x20 ./Dave/Generated/CAN_NODE/can_node_conf.o
                0x1ffe89a8                CAN_NODE_0_LMO_11
 .data.CAN_NODE_0_LMO_12
                0x1ffe89c8       0x20 ./Dave/Generated/CAN_NODE/can_node_conf.o
                0x1ffe89c8                CAN_NODE_0_LMO_12
 .data.CAN_NODE_0_LMO_13
                0x1ffe89e8       0x20 ./Dave/Generated/CAN_NODE/can_node_conf.o
                0x1ffe89e8                CAN_NODE_0_LMO_13
 .data.CAN_NODE_0_LMO_14
                0x1ffe8a08       0x20 ./Dave/Generated/CAN_NODE/can_node_conf.o
                0x1ffe8a08                CAN_NODE_0_LMO_14
 .data.CAN_NODE_0_LMO_15
                0x1ffe8a28       0x20 ./Dave/Generated/CAN_NODE/can_node_conf.o
                0x1ffe8a28                CAN_NODE_0_LMO_15
 .data.CAN_NODE_0_LMO_16
                0x1ffe8a48       0x20 ./Dave/Generated/CAN_NODE/can_node_conf.o
                0x1ffe8a48                CAN_NODE_0_LMO_16
 .data.CAN_NODE_0_LMO_17
                0x1ffe8a68       0x20 ./Dave/Generated/CAN_NODE/can_node_conf.o
                0x1ffe8a68                CAN_NODE_0_LMO_17
 .data.CAN_NODE_0_LMO_18
                0x1ffe8a88       0x20 ./Dave/Generated/CAN_NODE/can_node_conf.o
                0x1ffe8a88                CAN_NODE_0_LMO_18
 .data.CAN_NODE_0_LMO_19
                0x1ffe8aa8       0x20 ./Dave/Generated/CAN_NODE/can_node_conf.o
                0x1ffe8aa8                CAN_NODE_0_LMO_19
 .data.CAN_NODE_0_LMO_20
                0x1ffe8ac8       0x20 ./Dave/Generated/CAN_NODE/can_node_conf.o
                0x1ffe8ac8                CAN_NODE_0_LMO_20
 .data.CAN_NODE_0_LMO_21
                0x1ffe8ae8       0x20 ./Dave/Generated/CAN_NODE/can_node_conf.o
                0x1ffe8ae8                CAN_NODE_0_LMO_21
 .data.CAN_NODE_0_LMO_22
                0x1ffe8b08       0x20 ./Dave/Generated/CAN_NODE/can_node_conf.o
                0x1ffe8b08                CAN_NODE_0_LMO_22
 .data.CAN_NODE_0_LMO_23
                0x1ffe8b28       0x20 ./Dave/Generated/CAN_NODE/can_node_conf.o
                0x1ffe8b28                CAN_NODE_0_LMO_23
 .data.CAN_NODE_0_LMO_24
                0x1ffe8b48       0x20 ./Dave/Generated/CAN_NODE/can_node_conf.o
                0x1ffe8b48                CAN_NODE_0_LMO_24
 .data.CAN_NODE_0_LMO_25
                0x1ffe8b68       0x20 ./Dave/Generated/CAN_NODE/can_node_conf.o
                0x1ffe8b68                CAN_NODE_0_LMO_25
 .data.CAN_NODE_0_LMO_26
                0x1ffe8b88       0x20 ./Dave/Generated/CAN_NODE/can_node_conf.o
                0x1ffe8b88                CAN_NODE_0_LMO_26
 .data.CAN_NODE_0_LMO_27
                0x1ffe8ba8       0x20 ./Dave/Generated/CAN_NODE/can_node_conf.o
                0x1ffe8ba8                CAN_NODE_0_LMO_27
 .data.CAN_NODE_0_LMO_28
                0x1ffe8bc8       0x20 ./Dave/Generated/CAN_NODE/can_node_conf.o
                0x1ffe8bc8                CAN_NODE_0_LMO_28
 .data.CAN_NODE_0_LMO_29
                0x1ffe8be8       0x20 ./Dave/Generated/CAN_NODE/can_node_conf.o
                0x1ffe8be8                CAN_NODE_0_LMO_29
 .data.CAN_NODE_0_LMO_30
                0x1ffe8c08       0x20 ./Dave/Generated/CAN_NODE/can_node_conf.o
                0x1ffe8c08                CAN_NODE_0_LMO_30
 .data.CAN_NODE_0_LMO_31
                0x1ffe8c28       0x20 ./Dave/Generated/CAN_NODE/can_node_conf.o
                0x1ffe8c28                CAN_NODE_0_LMO_31
 .data.CAN_NODE_0_LMO_32
                0x1ffe8c48       0x20 ./Dave/Generated/CAN_NODE/can_node_conf.o
                0x1ffe8c48                CAN_NODE_0_LMO_32
 .data.messageObjects
                0x1ffe8c68       0x80 ./main.o
                0x1ffe8c68                messageObjects
 .data.SendCommand
                0x1ffe8ce8       0x20 ./main.o
                0x1ffe8ce8                SendCommand
 .data.impure_data
                0x1ffe8d08       0x60 e:/davev4/dave-4.1.4/eclipse/arm-gcc-49/bin/../lib/gcc/arm-none-eabi/4.9.3/../../../../arm-none-eabi/lib/armv7e-m/softfp\libg_nano.a(lib_a-impure.o)
 .data._impure_ptr
                0x1ffe8d68        0x4 e:/davev4/dave-4.1.4/eclipse/arm-gcc-49/bin/../lib/gcc/arm-none-eabi/4.9.3/../../../../arm-none-eabi/lib/armv7e-m/softfp\libg_nano.a(lib_a-impure.o)
                0x1ffe8d68                _impure_ptr
 .data.__ctype_ptr__
                0x1ffe8d6c        0x4 e:/davev4/dave-4.1.4/eclipse/arm-gcc-49/bin/../lib/gcc/arm-none-eabi/4.9.3/../../../../arm-none-eabi/lib/armv7e-m/softfp\libg_nano.a(lib_a-ctype_.o)
                0x1ffe8d6c                __ctype_ptr__
 *(*.data)
 *(.gnu.linkonce.d*)
                0x1ffe8d70                . = ALIGN (0x4)
                0x1ffe8d70                PROVIDE (__preinit_array_start, .)
 *(.preinit_array)
                0x1ffe8d70                PROVIDE (__preinit_array_end, .)
                0x1ffe8d70                . = ALIGN (0x4)
                0x1ffe8d70                PROVIDE (__init_array_start, .)
 *(SORT(.init_array.*))
 *(.init_array)
                0x1ffe8d70                PROVIDE (__init_array_end, .)
                0x1ffe8d70                . = ALIGN (0x4)
                0x1ffe8d70                PROVIDE (__fini_array_start, .)
 *(SORT(.fini_array.*))
 *(.fini_array)
                0x1ffe8d70                PROVIDE (__fini_array_end, .)
                0x1ffe8d70                . = ALIGN (0x4)
                0x1ffe8d70                __data_end = .
                0x0c0076f0                __data_load = LOADADDR (.data)
                0x00000570                __data_size = (__data_end - __data_start)

.igot.plt       0x1ffe8d70        0x0 load address 0x0c007c60
 .igot.plt      0x00000000        0x0 ./Startup/startup_XMC4700.o

.bss            0x1ffe8d70      0x7c0 load address 0x0c007c60
                0x1ffe8d70                . = ALIGN (0x4)
                0x1ffe8d70                __bss_start = .
 *(.bss)
 *(.bss*)
 .bss.XMC_USBD_EP_OUT_BUFFERSIZE
                0x1ffe8d70       0x1c ./Libraries/XMCLib/src/xmc_usbd.o
                0x1ffe8d70                XMC_USBD_EP_OUT_BUFFERSIZE
 .bss.XMC_USBD_EP_IN_BUFFERSIZE
                0x1ffe8d8c       0x1c ./Libraries/XMCLib/src/xmc_usbd.o
                0x1ffe8d8c                XMC_USBD_EP_IN_BUFFERSIZE
 .bss.heap_ptr.4326
                0x1ffe8da8        0x4 ./Libraries/Newlib/syscalls.o
 .bss.USBD_VCOM_0
                0x1ffe8dac        0x4 ./Dave/Generated/USBD_VCOM/usbd_vcom_conf.o
                0x1ffe8dac                USBD_VCOM_0
 .bss.usb_event_cb
                0x1ffe8db0       0x28 ./Dave/Generated/USBD/usbd_conf.o
                0x1ffe8db0                usb_event_cb
 .bss.CLOCK_XMC4_0
                0x1ffe8dd8        0x4 ./Dave/Generated/CLOCK_XMC4/clock_xmc4_conf.o
                0x1ffe8dd8                CLOCK_XMC4_0
 .bss.usb_rx_buffer
                0x1ffe8ddc      0x100 ./main.o
                0x1ffe8ddc                usb_rx_buffer
 .bss.ReceivedMsg
                0x1ffe8edc        0x4 ./main.o
                0x1ffe8edc                ReceivedMsg
 .bss.echoEnabled
                0x1ffe8ee0        0x1 ./main.o
                0x1ffe8ee0                echoEnabled
 *fill*         0x1ffe8ee1        0x3 
 .bss.__malloc_sbrk_start
                0x1ffe8ee4        0x4 e:/davev4/dave-4.1.4/eclipse/arm-gcc-49/bin/../lib/gcc/arm-none-eabi/4.9.3/../../../../arm-none-eabi/lib/armv7e-m/softfp\libg_nano.a(lib_a-nano-mallocr.o)
                0x1ffe8ee4                __malloc_sbrk_start
 .bss.__malloc_free_list
                0x1ffe8ee8        0x4 e:/davev4/dave-4.1.4/eclipse/arm-gcc-49/bin/../lib/gcc/arm-none-eabi/4.9.3/../../../../arm-none-eabi/lib/armv7e-m/softfp\libg_nano.a(lib_a-nano-mallocr.o)
                0x1ffe8ee8                __malloc_free_list
 *(COMMON)
 COMMON         0x1ffe8eec      0x20c ./Libraries/XMCLib/src/xmc_usbd.o
                0x1ffe8eec                usbd_init
                0x1ffe8ef0                xmc_device
 COMMON         0x1ffe90f8       0xe4 ./Dave/Generated/USBD_VCOM/usbd_vcom.o
                0x1ffe90f8                tx_ep_buf
                0x1ffe9138                cdc_event_flags
                0x1ffe913c                notification_ep_buf
                0x1ffe917c                rx_ep_buf
                0x1ffe91bc                USBD_VCOM_cdc_interface
 COMMON         0x1ffe91dc        0xc ./Dave/Generated/USBD/usb/core/usb_task.o
                0x1ffe91dc                USB_IsInitialized
                0x1ffe91dd                USB_DeviceState
                0x1ffe91e0                USB_ControlRequest
 COMMON         0x1ffe91e8      0x344 ./Dave/Generated/USBD/usbd.o
                0x1ffe91e8                endpoint0_in_buffer
                0x1ffe92e8                endpoint0_out_buffer
                0x1ffe93e8                device
 COMMON         0x1ffe952c        0x4 e:/davev4/dave-4.1.4/eclipse/arm-gcc-49/bin/../lib/gcc/arm-none-eabi/4.9.3/../../../../arm-none-eabi/lib/armv7e-m/softfp\libg_nano.a(lib_a-reent.o)
                0x1ffe952c                errno
 *(.gnu.linkonce.b*)
                0x1ffe9530                . = ALIGN (0x4)
                0x1ffe9530                __bss_end = .
                0x000007c0                __bss_size = (__bss_end - __bss_start)
                0x00016ad0                __shift_loc = (__bss_end >= ORIGIN (DSRAM_1_system))?0x0:(ORIGIN (DSRAM_1_system) - __bss_end)

USB_RAM         0x20000000      0xe00
                0x20000000                . = ALIGN (0x4)
                0x20000000                USB_RAM_start = .
 *(USB_RAM)
 USB_RAM        0x20000000      0xe00 ./Libraries/XMCLib/src/xmc_usbd.o
                0x20000000                XMC_USBD_EP_OUT_BUFFER
                0x20000700                XMC_USBD_EP_IN_BUFFER
                0x20000e00                . = ALIGN (0x4)
                0x20000e00                USB_RAM_end = .
                0x00000e00                USB_RAM_size = (USB_RAM_end - USB_RAM_start)

ETH_RAM         0x20000e00        0x0
                0x20000e00                . = ALIGN (0x4)
                0x20000e00                ETH_RAM_start = .
 *(ETH_RAM)
                0x20000e00                . = ALIGN (0x4)
                0x20000e00                ETH_RAM_end = .
                0x20000e00                . = ALIGN (0x8)
                0x20000e00                Heap_Bank1_Start = .
                0x00000000                ETH_RAM_size = (ETH_RAM_end - ETH_RAM_start)

.no_init        0x2003ffc0       0x14
                0x2003ffc0                Heap_Bank1_End = .
 *(.no_init)
 .no_init       0x2003ffc0       0x14 ./Startup/system_XMC4700.o
                0x2003ffc0                SystemCoreClock
                0x2003ffc4                g_chipid
                0x0003f1c0                Heap_Bank1_Size = (Heap_Bank1_End - Heap_Bank1_Start)
                0x00000001                ASSERT ((Heap_Bank1_Start <= Heap_Bank1_End), region SRAM_combined overflowed no_init section)

/DISCARD/
 *(.comment)

.stab
 *(.stab)

.stabstr
 *(.stabstr)

.debug
 *(.debug)

.line
 *(.line)

.debug_srcinfo
 *(.debug_srcinfo)

.debug_sfnames
 *(.debug_sfnames)

.debug_aranges  0x00000000      0xd70
 *(.debug_aranges)
 .debug_aranges
                0x00000000       0x20 ./Startup/startup_XMC4700.o
 .debug_aranges
                0x00000020       0x48 ./Startup/system_XMC4700.o
 .debug_aranges
                0x00000068       0x28 ./Libraries/XMCLib/src/xmc4_gpio.o
 .debug_aranges
                0x00000090      0x330 ./Libraries/XMCLib/src/xmc4_scu.o
 .debug_aranges
                0x000003c0      0x100 ./Libraries/XMCLib/src/xmc_can.o
 .debug_aranges
                0x000004c0       0x28 ./Libraries/XMCLib/src/xmc_gpio.o
 .debug_aranges
                0x000004e8      0x158 ./Libraries/XMCLib/src/xmc_usbd.o
 .debug_aranges
                0x00000640       0x28 ./Libraries/Newlib/syscalls.o
 .debug_aranges
                0x00000668       0x20 ./Dave/Generated/USBD_VCOM/virtual_com/descriptors.o
 .debug_aranges
                0x00000688       0xa0 ./Dave/Generated/USBD_VCOM/class_driver/device/cdc_class_device.o
 .debug_aranges
                0x00000728       0xc8 ./Dave/Generated/USBD_VCOM/usbd_vcom.o
 .debug_aranges
                0x000007f0       0x18 ./Dave/Generated/USBD_VCOM/usbd_vcom_conf.o
 .debug_aranges
                0x00000808       0x68 ./Dave/Generated/USBD/usb/core/xmc4000/usbd_endpoint_stream_xmc4000.o
 .debug_aranges
                0x00000870       0x98 ./Dave/Generated/USBD/usb/core/xmc4000/usbd_endpoint_xmc4000.o
 .debug_aranges
                0x00000908       0x18 ./Dave/Generated/USBD/usb/core/usb_task.o
 .debug_aranges
                0x00000920       0xc8 ./Dave/Generated/USBD/usbd.o
 .debug_aranges
                0x000009e8       0x18 ./Dave/Generated/USBD/usbd_conf.o
 .debug_aranges
                0x00000a00       0x50 ./Dave/Generated/INTERRUPT/interrupt.o
 .debug_aranges
                0x00000a50       0x18 ./Dave/Generated/INTERRUPT/interrupt_conf.o
 .debug_aranges
                0x00000a68       0x28 ./Dave/Generated/GLOBAL_CAN/global_can.o
 .debug_aranges
                0x00000a90       0x18 ./Dave/Generated/GLOBAL_CAN/global_can_conf.o
 .debug_aranges
                0x00000aa8       0x28 ./Dave/Generated/CPU_CTRL_XMC4/cpu_ctrl_xmc4_conf.o
 .debug_aranges
                0x00000ad0       0x38 ./Dave/Generated/CLOCK_XMC4/clock_xmc4.o
 .debug_aranges
                0x00000b08       0x20 ./Dave/Generated/CLOCK_XMC4/clock_xmc4_conf.o
 .debug_aranges
                0x00000b28      0x110 ./Dave/Generated/CAN_NODE/can_node.o
 .debug_aranges
                0x00000c38       0x18 ./Dave/Generated/CAN_NODE/can_node_conf.o
 .debug_aranges
                0x00000c50       0x20 ./Dave/Generated/DAVE.o
 .debug_aranges
                0x00000c70      0x100 ./main.o

.debug_pubnames
 *(.debug_pubnames)

.debug_pubtypes
 *(.debug_pubtypes)

.debug_info     0x00000000    0x20fa0
 *(.debug_info .gnu.linkonce.wi.*)
 .debug_info    0x00000000       0x77 ./Startup/startup_XMC4700.o
 .debug_info    0x00000077      0x93d ./Startup/system_XMC4700.o
 .debug_info    0x000009b4      0x422 ./Libraries/XMCLib/src/xmc4_gpio.o
 .debug_info    0x00000dd6     0x1f8a ./Libraries/XMCLib/src/xmc4_scu.o
 .debug_info    0x00002d60     0x1294 ./Libraries/XMCLib/src/xmc_can.o
 .debug_info    0x00003ff4      0x39d ./Libraries/XMCLib/src/xmc_gpio.o
 .debug_info    0x00004391     0x3838 ./Libraries/XMCLib/src/xmc_usbd.o
 .debug_info    0x00007bc9      0x10b ./Libraries/Newlib/syscalls.o
 .debug_info    0x00007cd4     0x1c84 ./Dave/Generated/USBD_VCOM/virtual_com/descriptors.o
 .debug_info    0x00009958     0x1cfb ./Dave/Generated/USBD_VCOM/class_driver/device/cdc_class_device.o
 .debug_info    0x0000b653     0x230d ./Dave/Generated/USBD_VCOM/usbd_vcom.o
 .debug_info    0x0000d960     0x167c ./Dave/Generated/USBD_VCOM/usbd_vcom_conf.o
 .debug_info    0x0000efdc     0x1ac7 ./Dave/Generated/USBD/usb/core/xmc4000/usbd_endpoint_stream_xmc4000.o
 .debug_info    0x00010aa3     0x1eb2 ./Dave/Generated/USBD/usb/core/xmc4000/usbd_endpoint_xmc4000.o
 .debug_info    0x00012955     0x16ce ./Dave/Generated/USBD/usb/core/usb_task.o
 .debug_info    0x00014023     0x2299 ./Dave/Generated/USBD/usbd.o
 .debug_info    0x000162bc     0x16a4 ./Dave/Generated/USBD/usbd_conf.o
 .debug_info    0x00017960      0x910 ./Dave/Generated/INTERRUPT/interrupt.o
 .debug_info    0x00018270      0x405 ./Dave/Generated/INTERRUPT/interrupt_conf.o
 .debug_info    0x00018675      0x3a5 ./Dave/Generated/GLOBAL_CAN/global_can.o
 .debug_info    0x00018a1a      0x2cb ./Dave/Generated/GLOBAL_CAN/global_can_conf.o
 .debug_info    0x00018ce5      0x475 ./Dave/Generated/CPU_CTRL_XMC4/cpu_ctrl_xmc4_conf.o
 .debug_info    0x0001915a      0x224 ./Dave/Generated/CLOCK_XMC4/clock_xmc4.o
 .debug_info    0x0001937e      0x385 ./Dave/Generated/CLOCK_XMC4/clock_xmc4_conf.o
 .debug_info    0x00019703     0x1436 ./Dave/Generated/CAN_NODE/can_node.o
 .debug_info    0x0001ab39     0x10f1 ./Dave/Generated/CAN_NODE/can_node_conf.o
 .debug_info    0x0001bc2a     0x2456 ./Dave/Generated/DAVE.o
 .debug_info    0x0001e080     0x2f20 ./main.o

.debug_abbrev   0x00000000     0x394e
 *(.debug_abbrev)
 .debug_abbrev  0x00000000       0x14 ./Startup/startup_XMC4700.o
 .debug_abbrev  0x00000014      0x1a1 ./Startup/system_XMC4700.o
 .debug_abbrev  0x000001b5      0x11b ./Libraries/XMCLib/src/xmc4_gpio.o
 .debug_abbrev  0x000002d0      0x2b4 ./Libraries/XMCLib/src/xmc4_scu.o
 .debug_abbrev  0x00000584      0x273 ./Libraries/XMCLib/src/xmc_can.o
 .debug_abbrev  0x000007f7      0x10c ./Libraries/XMCLib/src/xmc_gpio.o
 .debug_abbrev  0x00000903      0x3e6 ./Libraries/XMCLib/src/xmc_usbd.o
 .debug_abbrev  0x00000ce9       0xa5 ./Libraries/Newlib/syscalls.o
 .debug_abbrev  0x00000d8e      0x264 ./Dave/Generated/USBD_VCOM/virtual_com/descriptors.o
 .debug_abbrev  0x00000ff2      0x328 ./Dave/Generated/USBD_VCOM/class_driver/device/cdc_class_device.o
 .debug_abbrev  0x0000131a      0x35d ./Dave/Generated/USBD_VCOM/usbd_vcom.o
 .debug_abbrev  0x00001677      0x213 ./Dave/Generated/USBD_VCOM/usbd_vcom_conf.o
 .debug_abbrev  0x0000188a      0x2db ./Dave/Generated/USBD/usb/core/xmc4000/usbd_endpoint_stream_xmc4000.o
 .debug_abbrev  0x00001b65      0x364 ./Dave/Generated/USBD/usb/core/xmc4000/usbd_endpoint_xmc4000.o
 .debug_abbrev  0x00001ec9      0x213 ./Dave/Generated/USBD/usb/core/usb_task.o
 .debug_abbrev  0x000020dc      0x39d ./Dave/Generated/USBD/usbd.o
 .debug_abbrev  0x00002479      0x213 ./Dave/Generated/USBD/usbd_conf.o
 .debug_abbrev  0x0000268c      0x1da ./Dave/Generated/INTERRUPT/interrupt.o
 .debug_abbrev  0x00002866       0x97 ./Dave/Generated/INTERRUPT/interrupt_conf.o
 .debug_abbrev  0x000028fd      0x157 ./Dave/Generated/GLOBAL_CAN/global_can.o
 .debug_abbrev  0x00002a54       0xfd ./Dave/Generated/GLOBAL_CAN/global_can_conf.o
 .debug_abbrev  0x00002b51      0x184 ./Dave/Generated/CPU_CTRL_XMC4/cpu_ctrl_xmc4_conf.o
 .debug_abbrev  0x00002cd5      0x10f ./Dave/Generated/CLOCK_XMC4/clock_xmc4.o
 .debug_abbrev  0x00002de4      0x104 ./Dave/Generated/CLOCK_XMC4/clock_xmc4_conf.o
 .debug_abbrev  0x00002ee8      0x2a0 ./Dave/Generated/CAN_NODE/can_node.o
 .debug_abbrev  0x00003188      0x187 ./Dave/Generated/CAN_NODE/can_node_conf.o
 .debug_abbrev  0x0000330f      0x24f ./Dave/Generated/DAVE.o
 .debug_abbrev  0x0000355e      0x3f0 ./main.o

.debug_line     0x00000000     0x6da1
 *(.debug_line)
 .debug_line    0x00000000       0x87 ./Startup/startup_XMC4700.o
 .debug_line    0x00000087      0x2b0 ./Startup/system_XMC4700.o
 .debug_line    0x00000337      0x1d1 ./Libraries/XMCLib/src/xmc4_gpio.o
 .debug_line    0x00000508      0xb74 ./Libraries/XMCLib/src/xmc4_scu.o
 .debug_line    0x0000107c      0x5d8 ./Libraries/XMCLib/src/xmc_can.o
 .debug_line    0x00001654      0x1bf ./Libraries/XMCLib/src/xmc_gpio.o
 .debug_line    0x00001813      0x88b ./Libraries/XMCLib/src/xmc_usbd.o
 .debug_line    0x0000209e       0xb6 ./Libraries/Newlib/syscalls.o
 .debug_line    0x00002154      0x383 ./Dave/Generated/USBD_VCOM/virtual_com/descriptors.o
 .debug_line    0x000024d7      0x667 ./Dave/Generated/USBD_VCOM/class_driver/device/cdc_class_device.o
 .debug_line    0x00002b3e      0x6b5 ./Dave/Generated/USBD_VCOM/usbd_vcom.o
 .debug_line    0x000031f3      0x28c ./Dave/Generated/USBD_VCOM/usbd_vcom_conf.o
 .debug_line    0x0000347f      0x438 ./Dave/Generated/USBD/usb/core/xmc4000/usbd_endpoint_stream_xmc4000.o
 .debug_line    0x000038b7      0x511 ./Dave/Generated/USBD/usb/core/xmc4000/usbd_endpoint_xmc4000.o
 .debug_line    0x00003dc8      0x284 ./Dave/Generated/USBD/usb/core/usb_task.o
 .debug_line    0x0000404c      0x692 ./Dave/Generated/USBD/usbd.o
 .debug_line    0x000046de      0x233 ./Dave/Generated/USBD/usbd_conf.o
 .debug_line    0x00004911      0x2bb ./Dave/Generated/INTERRUPT/interrupt.o
 .debug_line    0x00004bcc      0x1bb ./Dave/Generated/INTERRUPT/interrupt_conf.o
 .debug_line    0x00004d87      0x294 ./Dave/Generated/GLOBAL_CAN/global_can.o
 .debug_line    0x0000501b      0x220 ./Dave/Generated/GLOBAL_CAN/global_can_conf.o
 .debug_line    0x0000523b      0x238 ./Dave/Generated/CPU_CTRL_XMC4/cpu_ctrl_xmc4_conf.o
 .debug_line    0x00005473      0x25a ./Dave/Generated/CLOCK_XMC4/clock_xmc4.o
 .debug_line    0x000056cd      0x230 ./Dave/Generated/CLOCK_XMC4/clock_xmc4_conf.o
 .debug_line    0x000058fd      0x571 ./Dave/Generated/CAN_NODE/can_node.o
 .debug_line    0x00005e6e      0x287 ./Dave/Generated/CAN_NODE/can_node_conf.o
 .debug_line    0x000060f5      0x3be ./Dave/Generated/DAVE.o
 .debug_line    0x000064b3      0x8ee ./main.o

.debug_frame    0x00000000     0x3a0c
 *(.debug_frame)
 .debug_frame   0x00000000       0xec ./Startup/system_XMC4700.o
 .debug_frame   0x000000ec       0x60 ./Libraries/XMCLib/src/xmc4_gpio.o
 .debug_frame   0x0000014c      0xef0 ./Libraries/XMCLib/src/xmc4_scu.o
 .debug_frame   0x0000103c      0x498 ./Libraries/XMCLib/src/xmc_can.o
 .debug_frame   0x000014d4       0x60 ./Libraries/XMCLib/src/xmc_gpio.o
 .debug_frame   0x00001534      0x634 ./Libraries/XMCLib/src/xmc_usbd.o
 .debug_frame   0x00001b68       0x5c ./Libraries/Newlib/syscalls.o
 .debug_frame   0x00001bc4       0x38 ./Dave/Generated/USBD_VCOM/virtual_com/descriptors.o
 .debug_frame   0x00001bfc      0x2ac ./Dave/Generated/USBD_VCOM/class_driver/device/cdc_class_device.o
 .debug_frame   0x00001ea8      0x338 ./Dave/Generated/USBD_VCOM/usbd_vcom.o
 .debug_frame   0x000021e0      0x1a0 ./Dave/Generated/USBD/usb/core/xmc4000/usbd_endpoint_stream_xmc4000.o
 .debug_frame   0x00002380      0x288 ./Dave/Generated/USBD/usb/core/xmc4000/usbd_endpoint_xmc4000.o
 .debug_frame   0x00002608      0x310 ./Dave/Generated/USBD/usbd.o
 .debug_frame   0x00002918      0x124 ./Dave/Generated/INTERRUPT/interrupt.o
 .debug_frame   0x00002a3c       0x60 ./Dave/Generated/GLOBAL_CAN/global_can.o
 .debug_frame   0x00002a9c       0x60 ./Dave/Generated/CPU_CTRL_XMC4/cpu_ctrl_xmc4_conf.o
 .debug_frame   0x00002afc       0xac ./Dave/Generated/CLOCK_XMC4/clock_xmc4.o
 .debug_frame   0x00002ba8       0x3c ./Dave/Generated/CLOCK_XMC4/clock_xmc4_conf.o
 .debug_frame   0x00002be4      0x4e8 ./Dave/Generated/CAN_NODE/can_node.o
 .debug_frame   0x000030cc       0x38 ./Dave/Generated/DAVE.o
 .debug_frame   0x00003104      0x48c ./main.o
 .debug_frame   0x00003590       0x20 e:/davev4/dave-4.1.4/eclipse/arm-gcc-49/bin/../lib/gcc/arm-none-eabi/4.9.3/../../../../arm-none-eabi/lib/armv7e-m/softfp\libg_nano.a(lib_a-errno.o)
 .debug_frame   0x000035b0       0x2c e:/davev4/dave-4.1.4/eclipse/arm-gcc-49/bin/../lib/gcc/arm-none-eabi/4.9.3/../../../../arm-none-eabi/lib/armv7e-m/softfp\libg_nano.a(lib_a-init.o)
 .debug_frame   0x000035dc       0x28 e:/davev4/dave-4.1.4/eclipse/arm-gcc-49/bin/../lib/gcc/arm-none-eabi/4.9.3/../../../../arm-none-eabi/lib/armv7e-m/softfp\libg_nano.a(lib_a-memcpy.o)
 .debug_frame   0x00003604       0x20 e:/davev4/dave-4.1.4/eclipse/arm-gcc-49/bin/../lib/gcc/arm-none-eabi/4.9.3/../../../../arm-none-eabi/lib/armv7e-m/softfp\libg_nano.a(lib_a-memset.o)
 .debug_frame   0x00003624       0x20 e:/davev4/dave-4.1.4/eclipse/arm-gcc-49/bin/../lib/gcc/arm-none-eabi/4.9.3/../../../../arm-none-eabi/lib/armv7e-m/softfp\libg_nano.a(lib_a-strlen.o)
 .debug_frame   0x00003644       0x20 e:/davev4/dave-4.1.4/eclipse/arm-gcc-49/bin/../lib/gcc/arm-none-eabi/4.9.3/../../../../arm-none-eabi/lib/armv7e-m/softfp\libg_nano.a(lib_a-strsep.o)
 .debug_frame   0x00003664       0x40 e:/davev4/dave-4.1.4/eclipse/arm-gcc-49/bin/../lib/gcc/arm-none-eabi/4.9.3/../../../../arm-none-eabi/lib/armv7e-m/softfp\libg_nano.a(lib_a-strtok_r.o)
 .debug_frame   0x000036a4       0x54 e:/davev4/dave-4.1.4/eclipse/arm-gcc-49/bin/../lib/gcc/arm-none-eabi/4.9.3/../../../../arm-none-eabi/lib/armv7e-m/softfp\libg_nano.a(lib_a-strtol.o)
 .debug_frame   0x000036f8       0x54 e:/davev4/dave-4.1.4/eclipse/arm-gcc-49/bin/../lib/gcc/arm-none-eabi/4.9.3/../../../../arm-none-eabi/lib/armv7e-m/softfp\libg_nano.a(lib_a-strtoul.o)
 .debug_frame   0x0000374c       0x50 e:/davev4/dave-4.1.4/eclipse/arm-gcc-49/bin/../lib/gcc/arm-none-eabi/4.9.3/../../../../arm-none-eabi/lib/armv7e-m/softfp\libg_nano.a(lib_a-vsnprintf.o)
 .debug_frame   0x0000379c       0x8c e:/davev4/dave-4.1.4/eclipse/arm-gcc-49/bin/../lib/gcc/arm-none-eabi/4.9.3/../../../../arm-none-eabi/lib/armv7e-m/softfp\libg_nano.a(lib_a-nano-svfprintf.o)
 .debug_frame   0x00003828       0x58 e:/davev4/dave-4.1.4/eclipse/arm-gcc-49/bin/../lib/gcc/arm-none-eabi/4.9.3/../../../../arm-none-eabi/lib/armv7e-m/softfp\libg_nano.a(lib_a-nano-vfprintf_i.o)
 .debug_frame   0x00003880       0x28 e:/davev4/dave-4.1.4/eclipse/arm-gcc-49/bin/../lib/gcc/arm-none-eabi/4.9.3/../../../../arm-none-eabi/lib/armv7e-m/softfp\libg_nano.a(lib_a-memchr.o)
 .debug_frame   0x000038a8       0x28 e:/davev4/dave-4.1.4/eclipse/arm-gcc-49/bin/../lib/gcc/arm-none-eabi/4.9.3/../../../../arm-none-eabi/lib/armv7e-m/softfp\libg_nano.a(lib_a-memmove.o)
 .debug_frame   0x000038d0       0x2c e:/davev4/dave-4.1.4/eclipse/arm-gcc-49/bin/../lib/gcc/arm-none-eabi/4.9.3/../../../../arm-none-eabi/lib/armv7e-m/softfp\libg_nano.a(lib_a-nano-freer.o)
 .debug_frame   0x000038fc       0x2c e:/davev4/dave-4.1.4/eclipse/arm-gcc-49/bin/../lib/gcc/arm-none-eabi/4.9.3/../../../../arm-none-eabi/lib/armv7e-m/softfp\libg_nano.a(lib_a-nano-mallocr.o)
 .debug_frame   0x00003928       0x3c e:/davev4/dave-4.1.4/eclipse/arm-gcc-49/bin/../lib/gcc/arm-none-eabi/4.9.3/../../../../arm-none-eabi/lib/armv7e-m/softfp\libg_nano.a(lib_a-nano-reallocr.o)
 .debug_frame   0x00003964       0x2c e:/davev4/dave-4.1.4/eclipse/arm-gcc-49/bin/../lib/gcc/arm-none-eabi/4.9.3/../../../../arm-none-eabi/lib/armv7e-m/softfp\libg_nano.a(lib_a-sbrkr.o)
 .debug_frame   0x00003990       0x20 e:/davev4/dave-4.1.4/eclipse/arm-gcc-49/bin/../lib/gcc/arm-none-eabi/4.9.3/../../../../arm-none-eabi/lib/armv7e-m/softfp\libg_nano.a(lib_a-nano-msizer.o)
 .debug_frame   0x000039b0       0x5c e:/davev4/dave-4.1.4/eclipse/arm-gcc-49/bin/../lib/gcc/arm-none-eabi/4.9.3/../../../../arm-none-eabi/lib/armv7e-m/softfp\libg_nano.a(lib_a-reent.o)

.debug_str      0x00000000     0x92bb
 *(.debug_str)
 .debug_str     0x00000000      0x53e ./Startup/system_XMC4700.o
                                0x5b0 (size before relaxing)
 .debug_str     0x0000053e      0x549 ./Libraries/XMCLib/src/xmc4_gpio.o
                                0x75e (size before relaxing)
 .debug_str     0x00000a87     0x1cfc ./Libraries/XMCLib/src/xmc4_scu.o
                               0x21cf (size before relaxing)
 .debug_str     0x00002783      0xb20 ./Libraries/XMCLib/src/xmc_can.o
                               0x1400 (size before relaxing)
 .debug_str     0x000032a3       0xca ./Libraries/XMCLib/src/xmc_gpio.o
                                0x60c (size before relaxing)
 .debug_str     0x0000336d     0x1d51 ./Libraries/XMCLib/src/xmc_usbd.o
                               0x2790 (size before relaxing)
 .debug_str     0x000050be       0x5d ./Libraries/Newlib/syscalls.o
                                0x205 (size before relaxing)
 .debug_str     0x0000511b      0xc89 ./Dave/Generated/USBD_VCOM/virtual_com/descriptors.o
                               0x1da8 (size before relaxing)
 .debug_str     0x00005da4      0x6f2 ./Dave/Generated/USBD_VCOM/class_driver/device/cdc_class_device.o
                               0x1abf (size before relaxing)
 .debug_str     0x00006496      0xb25 ./Dave/Generated/USBD_VCOM/usbd_vcom.o
                               0x22cd (size before relaxing)
 .debug_str     0x00006fbb       0x39 ./Dave/Generated/USBD_VCOM/usbd_vcom_conf.o
                               0x13c2 (size before relaxing)
 .debug_str     0x00006ff4      0x230 ./Dave/Generated/USBD/usb/core/xmc4000/usbd_endpoint_stream_xmc4000.o
                               0x1689 (size before relaxing)
 .debug_str     0x00007224      0x1b6 ./Dave/Generated/USBD/usb/core/xmc4000/usbd_endpoint_xmc4000.o
                               0x1d52 (size before relaxing)
 .debug_str     0x000073da       0x3d ./Dave/Generated/USBD/usb/core/usb_task.o